

================================================================
== Vivado HLS Report for 'reduce_ap_fixed_4_Op_max_ap_fixed_16_6_5_3_0_s'
================================================================
* Date:           Wed Oct 20 11:53:09 2021

* Version:        2020.1 (Build 2897737 on Wed May 27 20:21:37 MDT 2020)
* Project:        myproject_prj
* Solution:       solution1
* Product family: zynq
* Target device:  xc7z020-clg400-1


================================================================
== Performance Estimates
================================================================
+ Timing: 
    * Summary: 
    +--------+---------+----------+------------+
    |  Clock |  Target | Estimated| Uncertainty|
    +--------+---------+----------+------------+
    |ap_clk  | 5.00 ns | 2.687 ns |   0.62 ns  |
    +--------+---------+----------+------------+

+ Latency: 
    * Summary: 
    +---------+---------+----------+----------+-----+-----+----------+
    |  Latency (cycles) |  Latency (absolute) |  Interval | Pipeline |
    |   min   |   max   |    min   |    max   | min | max |   Type   |
    +---------+---------+----------+----------+-----+-----+----------+
    |        1|        1| 5.000 ns | 5.000 ns |    1|    1| function |
    +---------+---------+----------+----------+-----+-----+----------+

    + Detail: 
        * Instance: 
        N/A

        * Loop: 
        N/A

============================================================
+ Verbose Summary: Synthesis Manager
============================================================
InlineROM: 1
ExposeGlobal: 0
============================================================
+ Verbose Summary: CDFG Model
============================================================
IsTopModel: 0
ResetActiveHigh: 1
IsCombinational: 0
IsDatapathOnly: 0
HasWiredReturn: 1
HasMFsm: 2
HasVarLatency: 0
IsPipeline: 1
IsRtlPipelined: 1
IsInstanceOverlapped: 0
IsDontTouch: 0
HasImplIP: 0
IsGatedGlobalClock: 0

+ Individual pipeline summary: 
  * Pipeline-0: initiation interval (II) = 1, depth = 2


============================================================
+ Verbose Summary: Schedule
============================================================
* Number of FSM states : 2
* Pipeline : 1
  Pipeline-0 : II = 1, D = 2, States = { 1 2 }
* Dataflow Pipeline: 0

* FSM state transitions: 
1 --> 2 
2 --> 

* FSM state operations: 

State 1 <SV = 0> <Delay = 2.68>
ST_1 : Operation 3 [1/1] (0.00ns)   --->   "%x_0_V_read = call i16 @_ssdm_op_Read.ap_auto.i16P(i16* %x_0_V)" [firmware/nnet_utils/nnet_common.h:52->firmware/nnet_utils/nnet_common.h:54]   --->   Operation 3 'read' 'x_0_V_read' <Predicate = true> <Delay = 0.00>
ST_1 : Operation 4 [1/1] (0.00ns)   --->   "%trunc_ln52 = trunc i16 %x_0_V_read to i12" [firmware/nnet_utils/nnet_common.h:52->firmware/nnet_utils/nnet_common.h:54]   --->   Operation 4 'trunc' 'trunc_ln52' <Predicate = true> <Delay = 0.00>
ST_1 : Operation 5 [1/1] (0.00ns)   --->   "%x_1_V_read = call i16 @_ssdm_op_Read.ap_auto.i16P(i16* %x_1_V)" [firmware/nnet_utils/nnet_common.h:52->firmware/nnet_utils/nnet_common.h:54]   --->   Operation 5 'read' 'x_1_V_read' <Predicate = true> <Delay = 0.00>
ST_1 : Operation 6 [1/1] (0.00ns)   --->   "%trunc_ln1496 = trunc i16 %x_1_V_read to i12" [firmware/nnet_utils/nnet_common.h:85->firmware/nnet_utils/nnet_common.h:52->firmware/nnet_utils/nnet_common.h:54]   --->   Operation 6 'trunc' 'trunc_ln1496' <Predicate = true> <Delay = 0.00>
ST_1 : Operation 7 [1/1] (1.99ns)   --->   "%icmp_ln1496 = icmp slt i12 %trunc_ln52, %trunc_ln1496" [firmware/nnet_utils/nnet_common.h:85->firmware/nnet_utils/nnet_common.h:52->firmware/nnet_utils/nnet_common.h:54]   --->   Operation 7 'icmp' 'icmp_ln1496' <Predicate = true> <Delay = 1.99> <Core = "Cmp">   --->   Core 25 'Cmp' <Latency = 0> <II = 1> <Delay = 1.99> <FuncUnit> <Opcode : 'icmp'> <InPorts = 2> <OutPorts = 1>
ST_1 : Operation 8 [1/1] (0.69ns)   --->   "%select_ln85 = select i1 %icmp_ln1496, i12 %trunc_ln1496, i12 %trunc_ln52" [firmware/nnet_utils/nnet_common.h:85->firmware/nnet_utils/nnet_common.h:52->firmware/nnet_utils/nnet_common.h:54]   --->   Operation 8 'select' 'select_ln85' <Predicate = true> <Delay = 0.69> <Core = "Sel">   --->   Core 26 'Sel' <Latency = 0> <II = 1> <Delay = 0.69> <FuncUnit> <Opcode : 'select'> <InPorts = 3> <OutPorts = 1>
ST_1 : Operation 9 [1/1] (0.00ns)   --->   "%x_2_V_read = call i16 @_ssdm_op_Read.ap_auto.i16P(i16* %x_2_V)" [firmware/nnet_utils/nnet_common.h:52->firmware/nnet_utils/nnet_common.h:54]   --->   Operation 9 'read' 'x_2_V_read' <Predicate = true> <Delay = 0.00>
ST_1 : Operation 10 [1/1] (0.00ns)   --->   "%trunc_ln52_1 = trunc i16 %x_2_V_read to i12" [firmware/nnet_utils/nnet_common.h:52->firmware/nnet_utils/nnet_common.h:54]   --->   Operation 10 'trunc' 'trunc_ln52_1' <Predicate = true> <Delay = 0.00>
ST_1 : Operation 11 [1/1] (0.00ns)   --->   "%x_3_V_read = call i16 @_ssdm_op_Read.ap_auto.i16P(i16* %x_3_V)" [firmware/nnet_utils/nnet_common.h:52->firmware/nnet_utils/nnet_common.h:54]   --->   Operation 11 'read' 'x_3_V_read' <Predicate = true> <Delay = 0.00>
ST_1 : Operation 12 [1/1] (0.00ns)   --->   "%trunc_ln1496_1 = trunc i16 %x_3_V_read to i12" [firmware/nnet_utils/nnet_common.h:85->firmware/nnet_utils/nnet_common.h:52->firmware/nnet_utils/nnet_common.h:54]   --->   Operation 12 'trunc' 'trunc_ln1496_1' <Predicate = true> <Delay = 0.00>
ST_1 : Operation 13 [1/1] (1.99ns)   --->   "%icmp_ln1496_9 = icmp slt i12 %trunc_ln52_1, %trunc_ln1496_1" [firmware/nnet_utils/nnet_common.h:85->firmware/nnet_utils/nnet_common.h:52->firmware/nnet_utils/nnet_common.h:54]   --->   Operation 13 'icmp' 'icmp_ln1496_9' <Predicate = true> <Delay = 1.99> <Core = "Cmp">   --->   Core 25 'Cmp' <Latency = 0> <II = 1> <Delay = 1.99> <FuncUnit> <Opcode : 'icmp'> <InPorts = 2> <OutPorts = 1>
ST_1 : Operation 14 [1/1] (0.69ns)   --->   "%select_ln85_9 = select i1 %icmp_ln1496_9, i12 %trunc_ln1496_1, i12 %trunc_ln52_1" [firmware/nnet_utils/nnet_common.h:85->firmware/nnet_utils/nnet_common.h:52->firmware/nnet_utils/nnet_common.h:54]   --->   Operation 14 'select' 'select_ln85_9' <Predicate = true> <Delay = 0.69> <Core = "Sel">   --->   Core 26 'Sel' <Latency = 0> <II = 1> <Delay = 0.69> <FuncUnit> <Opcode : 'select'> <InPorts = 3> <OutPorts = 1>

State 2 <SV = 1> <Delay = 2.68>
ST_2 : Operation 15 [1/1] (1.99ns)   --->   "%icmp_ln1496_10 = icmp slt i12 %select_ln85, %select_ln85_9" [firmware/nnet_utils/nnet_common.h:85->firmware/nnet_utils/nnet_common.h:54]   --->   Operation 15 'icmp' 'icmp_ln1496_10' <Predicate = true> <Delay = 1.99> <Core = "Cmp">   --->   Core 25 'Cmp' <Latency = 0> <II = 1> <Delay = 1.99> <FuncUnit> <Opcode : 'icmp'> <InPorts = 2> <OutPorts = 1>
ST_2 : Operation 16 [1/1] (0.69ns)   --->   "%select_ln85_10 = select i1 %icmp_ln1496_10, i12 %select_ln85_9, i12 %select_ln85" [firmware/nnet_utils/nnet_common.h:85->firmware/nnet_utils/nnet_common.h:54]   --->   Operation 16 'select' 'select_ln85_10' <Predicate = true> <Delay = 0.69> <Core = "Sel">   --->   Core 26 'Sel' <Latency = 0> <II = 1> <Delay = 0.69> <FuncUnit> <Opcode : 'select'> <InPorts = 3> <OutPorts = 1>
ST_2 : Operation 17 [1/1] (0.00ns)   --->   "ret i12 %select_ln85_10" [firmware/nnet_utils/nnet_common.h:54]   --->   Operation 17 'ret' <Predicate = true> <Delay = 0.00>


============================================================
+ Verbose Summary: Timing violations
============================================================
Target clock period: 5ns, clock uncertainty: 0.625ns.

 <State 1>: 2.69ns
The critical path consists of the following:
	wire read on port 'x_0_V' (firmware/nnet_utils/nnet_common.h:52->firmware/nnet_utils/nnet_common.h:54) [5]  (0 ns)
	'icmp' operation ('icmp_ln1496', firmware/nnet_utils/nnet_common.h:85->firmware/nnet_utils/nnet_common.h:52->firmware/nnet_utils/nnet_common.h:54) [9]  (1.99 ns)
	'select' operation ('select_ln85', firmware/nnet_utils/nnet_common.h:85->firmware/nnet_utils/nnet_common.h:52->firmware/nnet_utils/nnet_common.h:54) [10]  (0.697 ns)

 <State 2>: 2.69ns
The critical path consists of the following:
	'icmp' operation ('icmp_ln1496_10', firmware/nnet_utils/nnet_common.h:85->firmware/nnet_utils/nnet_common.h:54) [17]  (1.99 ns)
	'select' operation ('select_ln85_10', firmware/nnet_utils/nnet_common.h:85->firmware/nnet_utils/nnet_common.h:54) [18]  (0.697 ns)


============================================================
+ Verbose Summary: Binding
============================================================
N/A
* FSMD analyzer results:
  - Output states:
 - Input state : 
  - Chain level:
	State 1
	State 2


============================================================
+ Verbose Summary: Datapath Resource usage 
============================================================
N/A
