

================================================================
== Vivado HLS Report for 'dense_resource_ap_fixed_ap_fixed_16_6_5_3_0_config2_s'
================================================================
* Date:           Wed Sep  8 19:00:18 2021

* Version:        2020.1 (Build 2897737 on Wed May 27 20:21:37 MDT 2020)
* Project:        myproject_prj
* Solution:       solution1
* Product family: zynq
* Target device:  xc7z020-clg400-1


================================================================
== Performance Estimates
================================================================
+ Timing: 
    * Summary: 
    +--------+---------+----------+------------+
    |  Clock |  Target | Estimated| Uncertainty|
    +--------+---------+----------+------------+
    |ap_clk  | 5.00 ns | 3.903 ns |   0.62 ns  |
    +--------+---------+----------+------------+

+ Latency: 
    * Summary: 
    +---------+---------+----------+----------+-----+-----+---------------------------------------------+
    |  Latency (cycles) |  Latency (absolute) |  Interval |                   Pipeline                  |
    |   min   |   max   |    min   |    max   | min | max |                     Type                    |
    +---------+---------+----------+----------+-----+-----+---------------------------------------------+
    |       20|       21| 0.100 us | 0.105 us |    8|    8| loop rewind(delay=0 initiation interval(s)) |
    +---------+---------+----------+----------+-----+-----+---------------------------------------------+

    + Detail: 
        * Instance: 
        N/A

        * Loop: 
        +-------------+---------+---------+----------+-----------+-----------+------+----------+
        |             |  Latency (cycles) | Iteration|  Initiation Interval  | Trip |          |
        |  Loop Name  |   min   |   max   |  Latency |  achieved |   target  | Count| Pipelined|
        +-------------+---------+---------+----------+-----------+-----------+------+----------+
        |- ReuseLoop  |       20|       20|        14|          1|          1|     8|    yes   |
        +-------------+---------+---------+----------+-----------+-----------+------+----------+



================================================================
== Utilization Estimates
================================================================
* Summary: 
+-----------------+---------+-------+--------+-------+-----+
|       Name      | BRAM_18K| DSP48E|   FF   |  LUT  | URAM|
+-----------------+---------+-------+--------+-------+-----+
|DSP              |        -|    127|       -|      -|    -|
|Expression       |        -|      -|       0|   5442|    -|
|FIFO             |        -|      -|       -|      -|    -|
|Instance         |        -|      1|    3873|   3044|    -|
|Memory           |       22|      -|       0|      0|    -|
|Multiplexer      |        -|      -|       -|   1278|    -|
|Register         |        0|      -|    7908|    128|    -|
+-----------------+---------+-------+--------+-------+-----+
|Total            |       22|    128|   11781|   9892|    0|
+-----------------+---------+-------+--------+-------+-----+
|Available        |      280|    220|  106400|  53200|    0|
+-----------------+---------+-------+--------+-------+-----+
|Utilization (%)  |        7|     58|      11|     18|    0|
+-----------------+---------+-------+--------+-------+-----+

+ Detail: 
    * Instance: 
    +-----------------------------------------+--------------------------------------+---------+-------+------+------+-----+
    |                 Instance                |                Module                | BRAM_18K| DSP48E|  FF  |  LUT | URAM|
    +-----------------------------------------+--------------------------------------+---------+-------+------+------+-----+
    |myproject_axi_lshr_256ns_9ns_256_6_1_U3  |myproject_axi_lshr_256ns_9ns_256_6_1  |        0|      0|  1903|  1521|    0|
    |myproject_axi_lshr_256ns_9ns_256_6_1_U4  |myproject_axi_lshr_256ns_9ns_256_6_1  |        0|      0|  1903|  1521|    0|
    |myproject_axi_mul_16s_5s_21_2_1_U5       |myproject_axi_mul_16s_5s_21_2_1       |        0|      1|    67|     2|    0|
    +-----------------------------------------+--------------------------------------+---------+-------+------+------+-----+
    |Total                                    |                                      |        0|      1|  3873|  3044|    0|
    +-----------------------------------------+--------------------------------------+---------+-------+------+------+-----+

    * DSP48E: 
    +------------------------------------------+-------------------------------------+-----------+
    |                 Instance                 |                Module               | Expression|
    +------------------------------------------+-------------------------------------+-----------+
    |myproject_axi_mul_mul_16s_6s_21_3_1_U6    |myproject_axi_mul_mul_16s_6s_21_3_1  |  i0 * i1  |
    |myproject_axi_mul_mul_16s_6s_21_3_1_U7    |myproject_axi_mul_mul_16s_6s_21_3_1  |  i0 * i1  |
    |myproject_axi_mul_mul_16s_6s_21_3_1_U8    |myproject_axi_mul_mul_16s_6s_21_3_1  |  i0 * i1  |
    |myproject_axi_mul_mul_16s_6s_21_3_1_U9    |myproject_axi_mul_mul_16s_6s_21_3_1  |  i0 * i1  |
    |myproject_axi_mul_mul_16s_6s_21_3_1_U10   |myproject_axi_mul_mul_16s_6s_21_3_1  |  i0 * i1  |
    |myproject_axi_mul_mul_16s_6s_21_3_1_U11   |myproject_axi_mul_mul_16s_6s_21_3_1  |  i0 * i1  |
    |myproject_axi_mul_mul_16s_6s_21_3_1_U12   |myproject_axi_mul_mul_16s_6s_21_3_1  |  i0 * i1  |
    |myproject_axi_mul_mul_16s_6s_21_3_1_U13   |myproject_axi_mul_mul_16s_6s_21_3_1  |  i0 * i1  |
    |myproject_axi_mul_mul_16s_6s_21_3_1_U14   |myproject_axi_mul_mul_16s_6s_21_3_1  |  i0 * i1  |
    |myproject_axi_mul_mul_16s_6s_21_3_1_U15   |myproject_axi_mul_mul_16s_6s_21_3_1  |  i0 * i1  |
    |myproject_axi_mul_mul_16s_6s_21_3_1_U16   |myproject_axi_mul_mul_16s_6s_21_3_1  |  i0 * i1  |
    |myproject_axi_mul_mul_16s_6s_21_3_1_U17   |myproject_axi_mul_mul_16s_6s_21_3_1  |  i0 * i1  |
    |myproject_axi_mul_mul_16s_6s_21_3_1_U18   |myproject_axi_mul_mul_16s_6s_21_3_1  |  i0 * i1  |
    |myproject_axi_mul_mul_16s_6s_21_3_1_U19   |myproject_axi_mul_mul_16s_6s_21_3_1  |  i0 * i1  |
    |myproject_axi_mul_mul_16s_6s_21_3_1_U20   |myproject_axi_mul_mul_16s_6s_21_3_1  |  i0 * i1  |
    |myproject_axi_mul_mul_16s_6s_21_3_1_U21   |myproject_axi_mul_mul_16s_6s_21_3_1  |  i0 * i1  |
    |myproject_axi_mul_mul_16s_6s_21_3_1_U22   |myproject_axi_mul_mul_16s_6s_21_3_1  |  i0 * i1  |
    |myproject_axi_mul_mul_16s_6s_21_3_1_U23   |myproject_axi_mul_mul_16s_6s_21_3_1  |  i0 * i1  |
    |myproject_axi_mul_mul_16s_6s_21_3_1_U24   |myproject_axi_mul_mul_16s_6s_21_3_1  |  i0 * i1  |
    |myproject_axi_mul_mul_16s_6s_21_3_1_U25   |myproject_axi_mul_mul_16s_6s_21_3_1  |  i0 * i1  |
    |myproject_axi_mul_mul_16s_6s_21_3_1_U26   |myproject_axi_mul_mul_16s_6s_21_3_1  |  i0 * i1  |
    |myproject_axi_mul_mul_16s_6s_21_3_1_U27   |myproject_axi_mul_mul_16s_6s_21_3_1  |  i0 * i1  |
    |myproject_axi_mul_mul_16s_6s_21_3_1_U28   |myproject_axi_mul_mul_16s_6s_21_3_1  |  i0 * i1  |
    |myproject_axi_mul_mul_16s_6s_21_3_1_U29   |myproject_axi_mul_mul_16s_6s_21_3_1  |  i0 * i1  |
    |myproject_axi_mul_mul_16s_6s_21_3_1_U30   |myproject_axi_mul_mul_16s_6s_21_3_1  |  i0 * i1  |
    |myproject_axi_mul_mul_16s_6s_21_3_1_U31   |myproject_axi_mul_mul_16s_6s_21_3_1  |  i0 * i1  |
    |myproject_axi_mul_mul_16s_6s_21_3_1_U32   |myproject_axi_mul_mul_16s_6s_21_3_1  |  i0 * i1  |
    |myproject_axi_mul_mul_16s_6s_21_3_1_U33   |myproject_axi_mul_mul_16s_6s_21_3_1  |  i0 * i1  |
    |myproject_axi_mul_mul_16s_6s_21_3_1_U34   |myproject_axi_mul_mul_16s_6s_21_3_1  |  i0 * i1  |
    |myproject_axi_mul_mul_16s_6s_21_3_1_U35   |myproject_axi_mul_mul_16s_6s_21_3_1  |  i0 * i1  |
    |myproject_axi_mul_mul_16s_6s_21_3_1_U36   |myproject_axi_mul_mul_16s_6s_21_3_1  |  i0 * i1  |
    |myproject_axi_mul_mul_16s_6s_21_3_1_U37   |myproject_axi_mul_mul_16s_6s_21_3_1  |  i0 * i1  |
    |myproject_axi_mul_mul_16s_6s_21_3_1_U38   |myproject_axi_mul_mul_16s_6s_21_3_1  |  i0 * i1  |
    |myproject_axi_mul_mul_16s_6s_21_3_1_U39   |myproject_axi_mul_mul_16s_6s_21_3_1  |  i0 * i1  |
    |myproject_axi_mul_mul_16s_6s_21_3_1_U40   |myproject_axi_mul_mul_16s_6s_21_3_1  |  i0 * i1  |
    |myproject_axi_mul_mul_16s_6s_21_3_1_U41   |myproject_axi_mul_mul_16s_6s_21_3_1  |  i0 * i1  |
    |myproject_axi_mul_mul_16s_6s_21_3_1_U42   |myproject_axi_mul_mul_16s_6s_21_3_1  |  i0 * i1  |
    |myproject_axi_mul_mul_16s_6s_21_3_1_U43   |myproject_axi_mul_mul_16s_6s_21_3_1  |  i0 * i1  |
    |myproject_axi_mul_mul_16s_6s_21_3_1_U44   |myproject_axi_mul_mul_16s_6s_21_3_1  |  i0 * i1  |
    |myproject_axi_mul_mul_16s_6s_21_3_1_U45   |myproject_axi_mul_mul_16s_6s_21_3_1  |  i0 * i1  |
    |myproject_axi_mul_mul_16s_6s_21_3_1_U46   |myproject_axi_mul_mul_16s_6s_21_3_1  |  i0 * i1  |
    |myproject_axi_mul_mul_16s_6s_21_3_1_U47   |myproject_axi_mul_mul_16s_6s_21_3_1  |  i0 * i1  |
    |myproject_axi_mul_mul_16s_6s_21_3_1_U48   |myproject_axi_mul_mul_16s_6s_21_3_1  |  i0 * i1  |
    |myproject_axi_mul_mul_16s_6s_21_3_1_U49   |myproject_axi_mul_mul_16s_6s_21_3_1  |  i0 * i1  |
    |myproject_axi_mul_mul_16s_6s_21_3_1_U50   |myproject_axi_mul_mul_16s_6s_21_3_1  |  i0 * i1  |
    |myproject_axi_mul_mul_16s_6s_21_3_1_U51   |myproject_axi_mul_mul_16s_6s_21_3_1  |  i0 * i1  |
    |myproject_axi_mul_mul_16s_6s_21_3_1_U52   |myproject_axi_mul_mul_16s_6s_21_3_1  |  i0 * i1  |
    |myproject_axi_mul_mul_16s_6s_21_3_1_U53   |myproject_axi_mul_mul_16s_6s_21_3_1  |  i0 * i1  |
    |myproject_axi_mul_mul_16s_6s_21_3_1_U54   |myproject_axi_mul_mul_16s_6s_21_3_1  |  i0 * i1  |
    |myproject_axi_mul_mul_16s_6s_21_3_1_U55   |myproject_axi_mul_mul_16s_6s_21_3_1  |  i0 * i1  |
    |myproject_axi_mul_mul_16s_6s_21_3_1_U56   |myproject_axi_mul_mul_16s_6s_21_3_1  |  i0 * i1  |
    |myproject_axi_mul_mul_16s_6s_21_3_1_U57   |myproject_axi_mul_mul_16s_6s_21_3_1  |  i0 * i1  |
    |myproject_axi_mul_mul_16s_6s_21_3_1_U58   |myproject_axi_mul_mul_16s_6s_21_3_1  |  i0 * i1  |
    |myproject_axi_mul_mul_16s_6s_21_3_1_U59   |myproject_axi_mul_mul_16s_6s_21_3_1  |  i0 * i1  |
    |myproject_axi_mul_mul_16s_6s_21_3_1_U60   |myproject_axi_mul_mul_16s_6s_21_3_1  |  i0 * i1  |
    |myproject_axi_mul_mul_16s_6s_21_3_1_U61   |myproject_axi_mul_mul_16s_6s_21_3_1  |  i0 * i1  |
    |myproject_axi_mul_mul_16s_6s_21_3_1_U62   |myproject_axi_mul_mul_16s_6s_21_3_1  |  i0 * i1  |
    |myproject_axi_mul_mul_16s_6s_21_3_1_U63   |myproject_axi_mul_mul_16s_6s_21_3_1  |  i0 * i1  |
    |myproject_axi_mul_mul_16s_6s_21_3_1_U64   |myproject_axi_mul_mul_16s_6s_21_3_1  |  i0 * i1  |
    |myproject_axi_mul_mul_16s_6s_21_3_1_U65   |myproject_axi_mul_mul_16s_6s_21_3_1  |  i0 * i1  |
    |myproject_axi_mul_mul_16s_6s_21_3_1_U66   |myproject_axi_mul_mul_16s_6s_21_3_1  |  i0 * i1  |
    |myproject_axi_mul_mul_16s_6s_21_3_1_U67   |myproject_axi_mul_mul_16s_6s_21_3_1  |  i0 * i1  |
    |myproject_axi_mul_mul_16s_6s_21_3_1_U68   |myproject_axi_mul_mul_16s_6s_21_3_1  |  i0 * i1  |
    |myproject_axi_mul_mul_16s_6s_21_3_1_U69   |myproject_axi_mul_mul_16s_6s_21_3_1  |  i0 * i1  |
    |myproject_axi_mul_mul_16s_6s_21_3_1_U70   |myproject_axi_mul_mul_16s_6s_21_3_1  |  i0 * i1  |
    |myproject_axi_mul_mul_16s_6s_21_3_1_U71   |myproject_axi_mul_mul_16s_6s_21_3_1  |  i0 * i1  |
    |myproject_axi_mul_mul_16s_6s_21_3_1_U72   |myproject_axi_mul_mul_16s_6s_21_3_1  |  i0 * i1  |
    |myproject_axi_mul_mul_16s_6s_21_3_1_U73   |myproject_axi_mul_mul_16s_6s_21_3_1  |  i0 * i1  |
    |myproject_axi_mul_mul_16s_6s_21_3_1_U74   |myproject_axi_mul_mul_16s_6s_21_3_1  |  i0 * i1  |
    |myproject_axi_mul_mul_16s_6s_21_3_1_U75   |myproject_axi_mul_mul_16s_6s_21_3_1  |  i0 * i1  |
    |myproject_axi_mul_mul_16s_6s_21_3_1_U76   |myproject_axi_mul_mul_16s_6s_21_3_1  |  i0 * i1  |
    |myproject_axi_mul_mul_16s_6s_21_3_1_U77   |myproject_axi_mul_mul_16s_6s_21_3_1  |  i0 * i1  |
    |myproject_axi_mul_mul_16s_6s_21_3_1_U78   |myproject_axi_mul_mul_16s_6s_21_3_1  |  i0 * i1  |
    |myproject_axi_mul_mul_16s_6s_21_3_1_U79   |myproject_axi_mul_mul_16s_6s_21_3_1  |  i0 * i1  |
    |myproject_axi_mul_mul_16s_6s_21_3_1_U80   |myproject_axi_mul_mul_16s_6s_21_3_1  |  i0 * i1  |
    |myproject_axi_mul_mul_16s_6s_21_3_1_U81   |myproject_axi_mul_mul_16s_6s_21_3_1  |  i0 * i1  |
    |myproject_axi_mul_mul_16s_6s_21_3_1_U82   |myproject_axi_mul_mul_16s_6s_21_3_1  |  i0 * i1  |
    |myproject_axi_mul_mul_16s_6s_21_3_1_U83   |myproject_axi_mul_mul_16s_6s_21_3_1  |  i0 * i1  |
    |myproject_axi_mul_mul_16s_6s_21_3_1_U84   |myproject_axi_mul_mul_16s_6s_21_3_1  |  i0 * i1  |
    |myproject_axi_mul_mul_16s_6s_21_3_1_U85   |myproject_axi_mul_mul_16s_6s_21_3_1  |  i0 * i1  |
    |myproject_axi_mul_mul_16s_6s_21_3_1_U86   |myproject_axi_mul_mul_16s_6s_21_3_1  |  i0 * i1  |
    |myproject_axi_mul_mul_16s_6s_21_3_1_U87   |myproject_axi_mul_mul_16s_6s_21_3_1  |  i0 * i1  |
    |myproject_axi_mul_mul_16s_6s_21_3_1_U88   |myproject_axi_mul_mul_16s_6s_21_3_1  |  i0 * i1  |
    |myproject_axi_mul_mul_16s_6s_21_3_1_U89   |myproject_axi_mul_mul_16s_6s_21_3_1  |  i0 * i1  |
    |myproject_axi_mul_mul_16s_6s_21_3_1_U90   |myproject_axi_mul_mul_16s_6s_21_3_1  |  i0 * i1  |
    |myproject_axi_mul_mul_16s_6s_21_3_1_U91   |myproject_axi_mul_mul_16s_6s_21_3_1  |  i0 * i1  |
    |myproject_axi_mul_mul_16s_6s_21_3_1_U92   |myproject_axi_mul_mul_16s_6s_21_3_1  |  i0 * i1  |
    |myproject_axi_mul_mul_16s_6s_21_3_1_U93   |myproject_axi_mul_mul_16s_6s_21_3_1  |  i0 * i1  |
    |myproject_axi_mul_mul_16s_6s_21_3_1_U94   |myproject_axi_mul_mul_16s_6s_21_3_1  |  i0 * i1  |
    |myproject_axi_mul_mul_16s_6s_21_3_1_U95   |myproject_axi_mul_mul_16s_6s_21_3_1  |  i0 * i1  |
    |myproject_axi_mul_mul_16s_6s_21_3_1_U96   |myproject_axi_mul_mul_16s_6s_21_3_1  |  i0 * i1  |
    |myproject_axi_mul_mul_16s_6s_21_3_1_U97   |myproject_axi_mul_mul_16s_6s_21_3_1  |  i0 * i1  |
    |myproject_axi_mul_mul_16s_6s_21_3_1_U98   |myproject_axi_mul_mul_16s_6s_21_3_1  |  i0 * i1  |
    |myproject_axi_mul_mul_16s_6s_21_3_1_U99   |myproject_axi_mul_mul_16s_6s_21_3_1  |  i0 * i1  |
    |myproject_axi_mul_mul_16s_6s_21_3_1_U100  |myproject_axi_mul_mul_16s_6s_21_3_1  |  i0 * i1  |
    |myproject_axi_mul_mul_16s_6s_21_3_1_U101  |myproject_axi_mul_mul_16s_6s_21_3_1  |  i0 * i1  |
    |myproject_axi_mul_mul_16s_6s_21_3_1_U102  |myproject_axi_mul_mul_16s_6s_21_3_1  |  i0 * i1  |
    |myproject_axi_mul_mul_16s_6s_21_3_1_U103  |myproject_axi_mul_mul_16s_6s_21_3_1  |  i0 * i1  |
    |myproject_axi_mul_mul_16s_6s_21_3_1_U104  |myproject_axi_mul_mul_16s_6s_21_3_1  |  i0 * i1  |
    |myproject_axi_mul_mul_16s_6s_21_3_1_U105  |myproject_axi_mul_mul_16s_6s_21_3_1  |  i0 * i1  |
    |myproject_axi_mul_mul_16s_6s_21_3_1_U106  |myproject_axi_mul_mul_16s_6s_21_3_1  |  i0 * i1  |
    |myproject_axi_mul_mul_16s_6s_21_3_1_U107  |myproject_axi_mul_mul_16s_6s_21_3_1  |  i0 * i1  |
    |myproject_axi_mul_mul_16s_6s_21_3_1_U108  |myproject_axi_mul_mul_16s_6s_21_3_1  |  i0 * i1  |
    |myproject_axi_mul_mul_16s_6s_21_3_1_U109  |myproject_axi_mul_mul_16s_6s_21_3_1  |  i0 * i1  |
    |myproject_axi_mul_mul_16s_6s_21_3_1_U110  |myproject_axi_mul_mul_16s_6s_21_3_1  |  i0 * i1  |
    |myproject_axi_mul_mul_16s_6s_21_3_1_U111  |myproject_axi_mul_mul_16s_6s_21_3_1  |  i0 * i1  |
    |myproject_axi_mul_mul_16s_6s_21_3_1_U112  |myproject_axi_mul_mul_16s_6s_21_3_1  |  i0 * i1  |
    |myproject_axi_mul_mul_16s_6s_21_3_1_U113  |myproject_axi_mul_mul_16s_6s_21_3_1  |  i0 * i1  |
    |myproject_axi_mul_mul_16s_6s_21_3_1_U114  |myproject_axi_mul_mul_16s_6s_21_3_1  |  i0 * i1  |
    |myproject_axi_mul_mul_16s_6s_21_3_1_U115  |myproject_axi_mul_mul_16s_6s_21_3_1  |  i0 * i1  |
    |myproject_axi_mul_mul_16s_6s_21_3_1_U116  |myproject_axi_mul_mul_16s_6s_21_3_1  |  i0 * i1  |
    |myproject_axi_mul_mul_16s_6s_21_3_1_U117  |myproject_axi_mul_mul_16s_6s_21_3_1  |  i0 * i1  |
    |myproject_axi_mul_mul_16s_6s_21_3_1_U118  |myproject_axi_mul_mul_16s_6s_21_3_1  |  i0 * i1  |
    |myproject_axi_mul_mul_16s_6s_21_3_1_U119  |myproject_axi_mul_mul_16s_6s_21_3_1  |  i0 * i1  |
    |myproject_axi_mul_mul_16s_6s_21_3_1_U120  |myproject_axi_mul_mul_16s_6s_21_3_1  |  i0 * i1  |
    |myproject_axi_mul_mul_16s_6s_21_3_1_U121  |myproject_axi_mul_mul_16s_6s_21_3_1  |  i0 * i1  |
    |myproject_axi_mul_mul_16s_6s_21_3_1_U122  |myproject_axi_mul_mul_16s_6s_21_3_1  |  i0 * i1  |
    |myproject_axi_mul_mul_16s_6s_21_3_1_U123  |myproject_axi_mul_mul_16s_6s_21_3_1  |  i0 * i1  |
    |myproject_axi_mul_mul_16s_6s_21_3_1_U124  |myproject_axi_mul_mul_16s_6s_21_3_1  |  i0 * i1  |
    |myproject_axi_mul_mul_16s_6s_21_3_1_U125  |myproject_axi_mul_mul_16s_6s_21_3_1  |  i0 * i1  |
    |myproject_axi_mul_mul_16s_6s_21_3_1_U126  |myproject_axi_mul_mul_16s_6s_21_3_1  |  i0 * i1  |
    |myproject_axi_mul_mul_16s_6s_21_3_1_U127  |myproject_axi_mul_mul_16s_6s_21_3_1  |  i0 * i1  |
    |myproject_axi_mul_mul_16s_6s_21_3_1_U128  |myproject_axi_mul_mul_16s_6s_21_3_1  |  i0 * i1  |
    |myproject_axi_mul_mul_16s_6s_21_3_1_U129  |myproject_axi_mul_mul_16s_6s_21_3_1  |  i0 * i1  |
    |myproject_axi_mul_mul_16s_6s_21_3_1_U130  |myproject_axi_mul_mul_16s_6s_21_3_1  |  i0 * i1  |
    |myproject_axi_mul_mul_16s_6s_21_3_1_U131  |myproject_axi_mul_mul_16s_6s_21_3_1  |  i0 * i1  |
    |myproject_axi_mul_mul_16s_6s_21_3_1_U132  |myproject_axi_mul_mul_16s_6s_21_3_1  |  i0 * i1  |
    +------------------------------------------+-------------------------------------+-----------+

    * Memory: 
    +--------+------------------------------------------------------------+---------+---+----+-----+------+-----+------+-------------+
    | Memory |                           Module                           | BRAM_18K| FF| LUT| URAM| Words| Bits| Banks| W*Bits*Banks|
    +--------+------------------------------------------------------------+---------+---+----+-----+------+-----+------+-------------+
    |w2_V_U  |dense_resource_ap_fixed_ap_fixed_16_6_5_3_0_config2_s_w2_V  |       22|  0|   0|    0|     8|  767|     1|         6136|
    +--------+------------------------------------------------------------+---------+---+----+-----+------+-----+------+-------------+
    |Total   |                                                            |       22|  0|   0|    0|     8|  767|     1|         6136|
    +--------+------------------------------------------------------------+---------+---+----+-----+------+-----+------+-------------+

    * FIFO: 
    N/A

    * Expression: 
    +----------------------------------+----------+-------+---+-----+------------+------------+
    |           Variable Name          | Operation| DSP48E| FF| LUT | Bitwidth P0| Bitwidth P1|
    +----------------------------------+----------+-------+---+-----+------------+------------+
    |acc_0_V_fu_3551_p2                |     +    |      0|  0|   18|          16|          16|
    |acc_10_V_fu_3851_p2               |     +    |      0|  0|   18|          16|          16|
    |acc_11_V_fu_3881_p2               |     +    |      0|  0|   18|          16|          16|
    |acc_12_V_fu_3911_p2               |     +    |      0|  0|   18|          16|          16|
    |acc_13_V_fu_3941_p2               |     +    |      0|  0|   18|          16|          16|
    |acc_14_V_fu_3971_p2               |     +    |      0|  0|   18|          16|          16|
    |acc_15_V_fu_4001_p2               |     +    |      0|  0|   18|          16|          16|
    |acc_16_V_fu_4031_p2               |     +    |      0|  0|   18|          16|          16|
    |acc_17_V_fu_4061_p2               |     +    |      0|  0|   18|          16|          16|
    |acc_18_V_fu_4091_p2               |     +    |      0|  0|   18|          16|          16|
    |acc_19_V_fu_4121_p2               |     +    |      0|  0|   18|          16|          16|
    |acc_1_V_fu_3581_p2                |     +    |      0|  0|   18|          16|          16|
    |acc_20_V_fu_4151_p2               |     +    |      0|  0|   18|          16|          16|
    |acc_21_V_fu_4181_p2               |     +    |      0|  0|   18|          16|          16|
    |acc_22_V_fu_4211_p2               |     +    |      0|  0|   18|          16|          16|
    |acc_23_V_fu_4241_p2               |     +    |      0|  0|   18|          16|          16|
    |acc_24_V_fu_4271_p2               |     +    |      0|  0|   18|          16|          16|
    |acc_25_V_fu_4301_p2               |     +    |      0|  0|   18|          16|          16|
    |acc_26_V_fu_4331_p2               |     +    |      0|  0|   18|          16|          16|
    |acc_27_V_fu_4361_p2               |     +    |      0|  0|   18|          16|          16|
    |acc_28_V_fu_4391_p2               |     +    |      0|  0|   18|          16|          16|
    |acc_29_V_fu_4421_p2               |     +    |      0|  0|   18|          16|          16|
    |acc_2_V_fu_3611_p2                |     +    |      0|  0|   18|          16|          16|
    |acc_30_V_fu_4451_p2               |     +    |      0|  0|   18|          16|          16|
    |acc_31_V_fu_4481_p2               |     +    |      0|  0|   18|          16|          16|
    |acc_32_V_fu_4511_p2               |     +    |      0|  0|   18|          16|          16|
    |acc_33_V_fu_4541_p2               |     +    |      0|  0|   18|          16|          16|
    |acc_34_V_fu_4571_p2               |     +    |      0|  0|   18|          16|          16|
    |acc_35_V_fu_4601_p2               |     +    |      0|  0|   18|          16|          16|
    |acc_36_V_fu_4631_p2               |     +    |      0|  0|   18|          16|          16|
    |acc_37_V_fu_4661_p2               |     +    |      0|  0|   18|          16|          16|
    |acc_38_V_fu_4691_p2               |     +    |      0|  0|   18|          16|          16|
    |acc_39_V_fu_4721_p2               |     +    |      0|  0|   18|          16|          16|
    |acc_3_V_fu_3641_p2                |     +    |      0|  0|   18|          16|          16|
    |acc_40_V_fu_4751_p2               |     +    |      0|  0|   18|          16|          16|
    |acc_41_V_fu_4781_p2               |     +    |      0|  0|   18|          16|          16|
    |acc_42_V_fu_4811_p2               |     +    |      0|  0|   18|          16|          16|
    |acc_43_V_fu_4841_p2               |     +    |      0|  0|   18|          16|          16|
    |acc_44_V_fu_4871_p2               |     +    |      0|  0|   18|          16|          16|
    |acc_45_V_fu_4901_p2               |     +    |      0|  0|   18|          16|          16|
    |acc_46_V_fu_4931_p2               |     +    |      0|  0|   18|          16|          16|
    |acc_47_V_fu_4961_p2               |     +    |      0|  0|   18|          16|          16|
    |acc_48_V_fu_4991_p2               |     +    |      0|  0|   18|          16|          16|
    |acc_49_V_fu_5021_p2               |     +    |      0|  0|   18|          16|          16|
    |acc_4_V_fu_3671_p2                |     +    |      0|  0|   18|          16|          16|
    |acc_50_V_fu_5051_p2               |     +    |      0|  0|   18|          16|          16|
    |acc_51_V_fu_5081_p2               |     +    |      0|  0|   18|          16|          16|
    |acc_52_V_fu_5111_p2               |     +    |      0|  0|   18|          16|          16|
    |acc_53_V_fu_5141_p2               |     +    |      0|  0|   18|          16|          16|
    |acc_54_V_fu_5171_p2               |     +    |      0|  0|   18|          16|          16|
    |acc_55_V_fu_5201_p2               |     +    |      0|  0|   18|          16|          16|
    |acc_56_V_fu_5231_p2               |     +    |      0|  0|   18|          16|          16|
    |acc_57_V_fu_5261_p2               |     +    |      0|  0|   18|          16|          16|
    |acc_58_V_fu_5291_p2               |     +    |      0|  0|   18|          16|          16|
    |acc_59_V_fu_5321_p2               |     +    |      0|  0|   18|          16|          16|
    |acc_5_V_fu_3701_p2                |     +    |      0|  0|   18|          16|          16|
    |acc_60_V_fu_5351_p2               |     +    |      0|  0|   18|          16|          16|
    |acc_61_V_fu_5381_p2               |     +    |      0|  0|   18|          16|          16|
    |acc_62_V_fu_5411_p2               |     +    |      0|  0|   18|          16|          16|
    |acc_63_V_fu_5431_p2               |     +    |      0|  0|   18|          16|          16|
    |acc_6_V_fu_3731_p2                |     +    |      0|  0|   18|          16|          16|
    |acc_7_V_fu_3761_p2                |     +    |      0|  0|   18|          16|          16|
    |acc_8_V_fu_3791_p2                |     +    |      0|  0|   18|          16|          16|
    |acc_9_V_fu_3821_p2                |     +    |      0|  0|   18|          16|          16|
    |add_ln703_131_fu_3575_p2          |     +    |      0|  0|   18|          16|          16|
    |add_ln703_133_fu_3605_p2          |     +    |      0|  0|   18|          16|          16|
    |add_ln703_135_fu_3635_p2          |     +    |      0|  0|   18|          16|          16|
    |add_ln703_137_fu_3665_p2          |     +    |      0|  0|   18|          16|          16|
    |add_ln703_139_fu_3695_p2          |     +    |      0|  0|   18|          16|          16|
    |add_ln703_141_fu_3725_p2          |     +    |      0|  0|   18|          16|          16|
    |add_ln703_143_fu_3755_p2          |     +    |      0|  0|   18|          16|          16|
    |add_ln703_145_fu_3785_p2          |     +    |      0|  0|   18|          16|          16|
    |add_ln703_147_fu_3815_p2          |     +    |      0|  0|   18|          16|          16|
    |add_ln703_149_fu_3845_p2          |     +    |      0|  0|   18|          16|          16|
    |add_ln703_151_fu_3875_p2          |     +    |      0|  0|   18|          16|          16|
    |add_ln703_153_fu_3905_p2          |     +    |      0|  0|   18|          16|          16|
    |add_ln703_155_fu_3935_p2          |     +    |      0|  0|   18|          16|          16|
    |add_ln703_157_fu_3965_p2          |     +    |      0|  0|   18|          16|          16|
    |add_ln703_159_fu_3995_p2          |     +    |      0|  0|   18|          16|          16|
    |add_ln703_161_fu_4025_p2          |     +    |      0|  0|   18|          16|          16|
    |add_ln703_163_fu_4055_p2          |     +    |      0|  0|   18|          16|          16|
    |add_ln703_165_fu_4085_p2          |     +    |      0|  0|   18|          16|          16|
    |add_ln703_167_fu_4115_p2          |     +    |      0|  0|   18|          16|          16|
    |add_ln703_169_fu_4145_p2          |     +    |      0|  0|   18|          16|          16|
    |add_ln703_171_fu_4175_p2          |     +    |      0|  0|   18|          16|          16|
    |add_ln703_173_fu_4205_p2          |     +    |      0|  0|   18|          16|          16|
    |add_ln703_175_fu_4235_p2          |     +    |      0|  0|   18|          16|          16|
    |add_ln703_177_fu_4265_p2          |     +    |      0|  0|   18|          16|          16|
    |add_ln703_179_fu_4295_p2          |     +    |      0|  0|   18|          16|          16|
    |add_ln703_181_fu_4325_p2          |     +    |      0|  0|   18|          16|          16|
    |add_ln703_183_fu_4355_p2          |     +    |      0|  0|   18|          16|          16|
    |add_ln703_185_fu_4385_p2          |     +    |      0|  0|   18|          16|          16|
    |add_ln703_187_fu_4415_p2          |     +    |      0|  0|   18|          16|          16|
    |add_ln703_189_fu_4445_p2          |     +    |      0|  0|   18|          16|          16|
    |add_ln703_191_fu_4475_p2          |     +    |      0|  0|   18|          16|          16|
    |add_ln703_193_fu_4505_p2          |     +    |      0|  0|   18|          16|          16|
    |add_ln703_195_fu_4535_p2          |     +    |      0|  0|   18|          16|          16|
    |add_ln703_197_fu_4565_p2          |     +    |      0|  0|   18|          16|          16|
    |add_ln703_199_fu_4595_p2          |     +    |      0|  0|   18|          16|          16|
    |add_ln703_201_fu_4625_p2          |     +    |      0|  0|   18|          16|          16|
    |add_ln703_203_fu_4655_p2          |     +    |      0|  0|   18|          16|          16|
    |add_ln703_205_fu_4685_p2          |     +    |      0|  0|   18|          16|          16|
    |add_ln703_207_fu_4715_p2          |     +    |      0|  0|   18|          16|          16|
    |add_ln703_209_fu_4745_p2          |     +    |      0|  0|   18|          16|          16|
    |add_ln703_211_fu_4775_p2          |     +    |      0|  0|   18|          16|          16|
    |add_ln703_213_fu_4805_p2          |     +    |      0|  0|   18|          16|          16|
    |add_ln703_215_fu_4835_p2          |     +    |      0|  0|   18|          16|          16|
    |add_ln703_217_fu_4865_p2          |     +    |      0|  0|   18|          16|          16|
    |add_ln703_219_fu_4895_p2          |     +    |      0|  0|   18|          16|          16|
    |add_ln703_221_fu_4925_p2          |     +    |      0|  0|   18|          16|          16|
    |add_ln703_223_fu_4955_p2          |     +    |      0|  0|   18|          16|          16|
    |add_ln703_225_fu_4985_p2          |     +    |      0|  0|   18|          16|          16|
    |add_ln703_227_fu_5015_p2          |     +    |      0|  0|   18|          16|          16|
    |add_ln703_229_fu_5045_p2          |     +    |      0|  0|   18|          16|          16|
    |add_ln703_231_fu_5075_p2          |     +    |      0|  0|   18|          16|          16|
    |add_ln703_233_fu_5105_p2          |     +    |      0|  0|   18|          16|          16|
    |add_ln703_235_fu_5135_p2          |     +    |      0|  0|   18|          16|          16|
    |add_ln703_237_fu_5165_p2          |     +    |      0|  0|   18|          16|          16|
    |add_ln703_239_fu_5195_p2          |     +    |      0|  0|   18|          16|          16|
    |add_ln703_241_fu_5225_p2          |     +    |      0|  0|   18|          16|          16|
    |add_ln703_243_fu_5255_p2          |     +    |      0|  0|   18|          16|          16|
    |add_ln703_245_fu_5285_p2          |     +    |      0|  0|   18|          16|          16|
    |add_ln703_247_fu_5315_p2          |     +    |      0|  0|   18|          16|          16|
    |add_ln703_249_fu_5345_p2          |     +    |      0|  0|   18|          16|          16|
    |add_ln703_251_fu_5375_p2          |     +    |      0|  0|   18|          16|          16|
    |add_ln703_253_fu_5405_p2          |     +    |      0|  0|   18|          16|          16|
    |add_ln703_255_fu_5426_p2          |     +    |      0|  0|   18|          16|          16|
    |add_ln703_fu_3545_p2              |     +    |      0|  0|   18|          16|          16|
    |w_index_fu_1604_p2                |     +    |      0|  0|   12|           1|           3|
    |sub_ln76_1_fu_1666_p2             |     -    |      0|  0|   15|           9|           9|
    |sub_ln76_2_fu_1696_p2             |     -    |      0|  0|   15|           8|           9|
    |sub_ln76_3_fu_1742_p2             |     -    |      0|  0|   15|           9|           9|
    |sub_ln76_4_fu_1754_p2             |     -    |      0|  0|   15|           9|           9|
    |sub_ln76_5_fu_1784_p2             |     -    |      0|  0|   15|           8|           9|
    |sub_ln76_fu_1654_p2               |     -    |      0|  0|   15|           9|           9|
    |and_ln76_1_fu_1842_p2             |    and   |      0|  0|  256|         256|         256|
    |and_ln76_fu_1820_p2               |    and   |      0|  0|  256|         256|         256|
    |ap_block_state3_pp0_stage0_iter1  |    and   |      0|  0|    2|           1|           1|
    |ap_condition_1320                 |    and   |      0|  0|    2|           1|           1|
    |ap_condition_145                  |    and   |      0|  0|    2|           1|           1|
    |icmp_ln64_fu_1610_p2              |   icmp   |      0|  0|    9|           3|           2|
    |icmp_ln76_1_fu_1718_p2            |   icmp   |      0|  0|   11|           8|           8|
    |icmp_ln76_fu_1630_p2              |   icmp   |      0|  0|   11|           7|           7|
    |lshr_ln76_1_fu_1814_p2            |   lshr   |      0|  0|  950|           2|         256|
    |lshr_ln76_3_fu_1836_p2            |   lshr   |      0|  0|  950|           2|         256|
    |ap_block_pp0_stage0_11001         |    or    |      0|  0|    2|           1|           1|
    |ap_block_state1                   |    or    |      0|  0|    2|           1|           1|
    |empty_25_fu_1712_p2               |    or    |      0|  0|    8|           8|           4|
    |empty_fu_1624_p2                  |    or    |      0|  0|    7|           7|           4|
    |select_ln76_1_fu_1680_p3          |  select  |      0|  0|  256|           1|         256|
    |select_ln76_2_fu_1688_p3          |  select  |      0|  0|    9|           1|           9|
    |select_ln76_3_fu_1760_p3          |  select  |      0|  0|    9|           1|           9|
    |select_ln76_4_fu_1768_p3          |  select  |      0|  0|  256|           1|         256|
    |select_ln76_5_fu_1776_p3          |  select  |      0|  0|    9|           1|           9|
    |select_ln76_fu_1672_p3            |  select  |      0|  0|    9|           1|           9|
    |ap_enable_pp0                     |    xor   |      0|  0|    2|           1|           2|
    |xor_ln76_1_fu_1748_p2             |    xor   |      0|  0|    9|           9|           8|
    |xor_ln76_fu_1660_p2               |    xor   |      0|  0|    9|           9|           8|
    +----------------------------------+----------+-------+---+-----+------------+------------+
    |Total                             |          |      0|  0| 5442|        2680|        3725|
    +----------------------------------+----------+-------+---+-----+------------+------------+

    * Multiplexer: 
    +----------------------------------------------+----+-----------+-----+-----------+
    |                     Name                     | LUT| Input Size| Bits| Total Bits|
    +----------------------------------------------+----+-----------+-----+-----------+
    |ap_NS_fsm                                     |  15|          3|    1|          3|
    |ap_done                                       |   9|          2|    1|          2|
    |ap_enable_reg_pp0_iter1                       |   9|          2|    1|          2|
    |ap_enable_reg_pp0_iter13                      |   9|          2|    1|          2|
    |ap_phi_mux_data_V_load_phi_phi_fu_700_p4      |   9|          2|  256|        512|
    |ap_phi_mux_data_V_load_rewind_phi_fu_686_p6   |   9|          2|  256|        512|
    |ap_phi_mux_do_init_phi_fu_655_p6              |  15|          3|    1|          3|
    |ap_phi_mux_w_index131_phi_fu_671_p6           |  15|          3|    3|          9|
    |ap_phi_reg_pp0_iter2_data_V_load_phi_reg_696  |   9|          2|  256|        512|
    |ap_return_0                                   |   9|          2|   16|         32|
    |ap_return_1                                   |   9|          2|   16|         32|
    |ap_return_10                                  |   9|          2|   16|         32|
    |ap_return_11                                  |   9|          2|   16|         32|
    |ap_return_12                                  |   9|          2|   16|         32|
    |ap_return_13                                  |   9|          2|   16|         32|
    |ap_return_14                                  |   9|          2|   16|         32|
    |ap_return_15                                  |   9|          2|   16|         32|
    |ap_return_16                                  |   9|          2|   16|         32|
    |ap_return_17                                  |   9|          2|   16|         32|
    |ap_return_18                                  |   9|          2|   16|         32|
    |ap_return_19                                  |   9|          2|   16|         32|
    |ap_return_2                                   |   9|          2|   16|         32|
    |ap_return_20                                  |   9|          2|   16|         32|
    |ap_return_21                                  |   9|          2|   16|         32|
    |ap_return_22                                  |   9|          2|   16|         32|
    |ap_return_23                                  |   9|          2|   16|         32|
    |ap_return_24                                  |   9|          2|   16|         32|
    |ap_return_25                                  |   9|          2|   16|         32|
    |ap_return_26                                  |   9|          2|   16|         32|
    |ap_return_27                                  |   9|          2|   16|         32|
    |ap_return_28                                  |   9|          2|   16|         32|
    |ap_return_29                                  |   9|          2|   16|         32|
    |ap_return_3                                   |   9|          2|   16|         32|
    |ap_return_30                                  |   9|          2|   16|         32|
    |ap_return_31                                  |   9|          2|   16|         32|
    |ap_return_32                                  |   9|          2|   16|         32|
    |ap_return_33                                  |   9|          2|   16|         32|
    |ap_return_34                                  |   9|          2|   16|         32|
    |ap_return_35                                  |   9|          2|   16|         32|
    |ap_return_36                                  |   9|          2|   16|         32|
    |ap_return_37                                  |   9|          2|   16|         32|
    |ap_return_38                                  |   9|          2|   16|         32|
    |ap_return_39                                  |   9|          2|   16|         32|
    |ap_return_4                                   |   9|          2|   16|         32|
    |ap_return_40                                  |   9|          2|   16|         32|
    |ap_return_41                                  |   9|          2|   16|         32|
    |ap_return_42                                  |   9|          2|   16|         32|
    |ap_return_43                                  |   9|          2|   16|         32|
    |ap_return_44                                  |   9|          2|   16|         32|
    |ap_return_45                                  |   9|          2|   16|         32|
    |ap_return_46                                  |   9|          2|   16|         32|
    |ap_return_47                                  |   9|          2|   16|         32|
    |ap_return_48                                  |   9|          2|   16|         32|
    |ap_return_49                                  |   9|          2|   16|         32|
    |ap_return_5                                   |   9|          2|   16|         32|
    |ap_return_50                                  |   9|          2|   16|         32|
    |ap_return_51                                  |   9|          2|   16|         32|
    |ap_return_52                                  |   9|          2|   16|         32|
    |ap_return_53                                  |   9|          2|   16|         32|
    |ap_return_54                                  |   9|          2|   16|         32|
    |ap_return_55                                  |   9|          2|   16|         32|
    |ap_return_56                                  |   9|          2|   16|         32|
    |ap_return_57                                  |   9|          2|   16|         32|
    |ap_return_58                                  |   9|          2|   16|         32|
    |ap_return_59                                  |   9|          2|   16|         32|
    |ap_return_6                                   |   9|          2|   16|         32|
    |ap_return_60                                  |   9|          2|   16|         32|
    |ap_return_61                                  |   9|          2|   16|         32|
    |ap_return_62                                  |   9|          2|   16|         32|
    |ap_return_63                                  |   9|          2|   16|         32|
    |ap_return_7                                   |   9|          2|   16|         32|
    |ap_return_8                                   |   9|          2|   16|         32|
    |ap_return_9                                   |   9|          2|   16|         32|
    |data_V_blk_n                                  |   9|          2|    1|          2|
    |data_V_load_phi_reg_696                       |   9|          2|  256|        512|
    |res_0_V_write_assign129_reg_708               |   9|          2|   16|         32|
    |res_10_V_write_assign109_reg_848              |   9|          2|   16|         32|
    |res_11_V_write_assign107_reg_862              |   9|          2|   16|         32|
    |res_12_V_write_assign105_reg_876              |   9|          2|   16|         32|
    |res_13_V_write_assign103_reg_890              |   9|          2|   16|         32|
    |res_14_V_write_assign101_reg_904              |   9|          2|   16|         32|
    |res_15_V_write_assign99_reg_918               |   9|          2|   16|         32|
    |res_16_V_write_assign97_reg_932               |   9|          2|   16|         32|
    |res_17_V_write_assign95_reg_946               |   9|          2|   16|         32|
    |res_18_V_write_assign93_reg_960               |   9|          2|   16|         32|
    |res_19_V_write_assign91_reg_974               |   9|          2|   16|         32|
    |res_1_V_write_assign127_reg_722               |   9|          2|   16|         32|
    |res_20_V_write_assign89_reg_988               |   9|          2|   16|         32|
    |res_21_V_write_assign87_reg_1002              |   9|          2|   16|         32|
    |res_22_V_write_assign85_reg_1016              |   9|          2|   16|         32|
    |res_23_V_write_assign83_reg_1030              |   9|          2|   16|         32|
    |res_24_V_write_assign81_reg_1044              |   9|          2|   16|         32|
    |res_25_V_write_assign79_reg_1058              |   9|          2|   16|         32|
    |res_26_V_write_assign77_reg_1072              |   9|          2|   16|         32|
    |res_27_V_write_assign75_reg_1086              |   9|          2|   16|         32|
    |res_28_V_write_assign73_reg_1100              |   9|          2|   16|         32|
    |res_29_V_write_assign71_reg_1114              |   9|          2|   16|         32|
    |res_2_V_write_assign125_reg_736               |   9|          2|   16|         32|
    |res_30_V_write_assign69_reg_1128              |   9|          2|   16|         32|
    |res_31_V_write_assign67_reg_1142              |   9|          2|   16|         32|
    |res_32_V_write_assign65_reg_1156              |   9|          2|   16|         32|
    |res_33_V_write_assign63_reg_1170              |   9|          2|   16|         32|
    |res_34_V_write_assign61_reg_1184              |   9|          2|   16|         32|
    |res_35_V_write_assign59_reg_1198              |   9|          2|   16|         32|
    |res_36_V_write_assign57_reg_1212              |   9|          2|   16|         32|
    |res_37_V_write_assign55_reg_1226              |   9|          2|   16|         32|
    |res_38_V_write_assign53_reg_1240              |   9|          2|   16|         32|
    |res_39_V_write_assign51_reg_1254              |   9|          2|   16|         32|
    |res_3_V_write_assign123_reg_750               |   9|          2|   16|         32|
    |res_40_V_write_assign49_reg_1268              |   9|          2|   16|         32|
    |res_41_V_write_assign47_reg_1282              |   9|          2|   16|         32|
    |res_42_V_write_assign45_reg_1296              |   9|          2|   16|         32|
    |res_43_V_write_assign43_reg_1310              |   9|          2|   16|         32|
    |res_44_V_write_assign41_reg_1324              |   9|          2|   16|         32|
    |res_45_V_write_assign39_reg_1338              |   9|          2|   16|         32|
    |res_46_V_write_assign37_reg_1352              |   9|          2|   16|         32|
    |res_47_V_write_assign35_reg_1366              |   9|          2|   16|         32|
    |res_48_V_write_assign33_reg_1380              |   9|          2|   16|         32|
    |res_49_V_write_assign31_reg_1394              |   9|          2|   16|         32|
    |res_4_V_write_assign121_reg_764               |   9|          2|   16|         32|
    |res_50_V_write_assign29_reg_1408              |   9|          2|   16|         32|
    |res_51_V_write_assign27_reg_1422              |   9|          2|   16|         32|
    |res_52_V_write_assign25_reg_1436              |   9|          2|   16|         32|
    |res_53_V_write_assign23_reg_1450              |   9|          2|   16|         32|
    |res_54_V_write_assign21_reg_1464              |   9|          2|   16|         32|
    |res_55_V_write_assign19_reg_1478              |   9|          2|   16|         32|
    |res_56_V_write_assign17_reg_1492              |   9|          2|   16|         32|
    |res_57_V_write_assign15_reg_1506              |   9|          2|   16|         32|
    |res_58_V_write_assign13_reg_1520              |   9|          2|   16|         32|
    |res_59_V_write_assign11_reg_1534              |   9|          2|   16|         32|
    |res_5_V_write_assign119_reg_778               |   9|          2|   16|         32|
    |res_60_V_write_assign9_reg_1548               |   9|          2|   16|         32|
    |res_61_V_write_assign7_reg_1562               |   9|          2|   16|         32|
    |res_62_V_write_assign5_reg_1576               |   9|          2|   16|         32|
    |res_63_V_write_assign3_reg_1590               |   9|          2|   16|         32|
    |res_6_V_write_assign117_reg_792               |   9|          2|   16|         32|
    |res_7_V_write_assign115_reg_806               |   9|          2|   16|         32|
    |res_8_V_write_assign113_reg_820               |   9|          2|   16|         32|
    |res_9_V_write_assign111_reg_834               |   9|          2|   16|         32|
    |w_index131_reg_667                            |   9|          2|    3|          6|
    +----------------------------------------------+----+-----------+-----+-----------+
    |Total                                         |1278|        283| 3084|       6173|
    +----------------------------------------------+----+-----------+-----+-----------+

    * Register: 
    +----------------------------------------------+-----+----+-----+-----------+
    |                     Name                     |  FF | LUT| Bits| Const Bits|
    +----------------------------------------------+-----+----+-----+-----------+
    |ap_CS_fsm                                     |    2|   0|    2|          0|
    |ap_done_reg                                   |    1|   0|    1|          0|
    |ap_enable_reg_pp0_iter1                       |    1|   0|    1|          0|
    |ap_enable_reg_pp0_iter10                      |    1|   0|    1|          0|
    |ap_enable_reg_pp0_iter11                      |    1|   0|    1|          0|
    |ap_enable_reg_pp0_iter12                      |    1|   0|    1|          0|
    |ap_enable_reg_pp0_iter13                      |    1|   0|    1|          0|
    |ap_enable_reg_pp0_iter2                       |    1|   0|    1|          0|
    |ap_enable_reg_pp0_iter3                       |    1|   0|    1|          0|
    |ap_enable_reg_pp0_iter4                       |    1|   0|    1|          0|
    |ap_enable_reg_pp0_iter5                       |    1|   0|    1|          0|
    |ap_enable_reg_pp0_iter6                       |    1|   0|    1|          0|
    |ap_enable_reg_pp0_iter7                       |    1|   0|    1|          0|
    |ap_enable_reg_pp0_iter8                       |    1|   0|    1|          0|
    |ap_enable_reg_pp0_iter9                       |    1|   0|    1|          0|
    |ap_phi_reg_pp0_iter1_data_V_load_phi_reg_696  |  256|   0|  256|          0|
    |ap_phi_reg_pp0_iter2_data_V_load_phi_reg_696  |  256|   0|  256|          0|
    |ap_return_0_preg                              |   16|   0|   16|          0|
    |ap_return_10_preg                             |   16|   0|   16|          0|
    |ap_return_11_preg                             |   16|   0|   16|          0|
    |ap_return_12_preg                             |   16|   0|   16|          0|
    |ap_return_13_preg                             |   16|   0|   16|          0|
    |ap_return_14_preg                             |   16|   0|   16|          0|
    |ap_return_15_preg                             |   16|   0|   16|          0|
    |ap_return_16_preg                             |   16|   0|   16|          0|
    |ap_return_17_preg                             |   16|   0|   16|          0|
    |ap_return_18_preg                             |   16|   0|   16|          0|
    |ap_return_19_preg                             |   16|   0|   16|          0|
    |ap_return_1_preg                              |   16|   0|   16|          0|
    |ap_return_20_preg                             |   16|   0|   16|          0|
    |ap_return_21_preg                             |   16|   0|   16|          0|
    |ap_return_22_preg                             |   16|   0|   16|          0|
    |ap_return_23_preg                             |   16|   0|   16|          0|
    |ap_return_24_preg                             |   16|   0|   16|          0|
    |ap_return_25_preg                             |   16|   0|   16|          0|
    |ap_return_26_preg                             |   16|   0|   16|          0|
    |ap_return_27_preg                             |   16|   0|   16|          0|
    |ap_return_28_preg                             |   16|   0|   16|          0|
    |ap_return_29_preg                             |   16|   0|   16|          0|
    |ap_return_2_preg                              |   16|   0|   16|          0|
    |ap_return_30_preg                             |   16|   0|   16|          0|
    |ap_return_31_preg                             |   16|   0|   16|          0|
    |ap_return_32_preg                             |   16|   0|   16|          0|
    |ap_return_33_preg                             |   16|   0|   16|          0|
    |ap_return_34_preg                             |   16|   0|   16|          0|
    |ap_return_35_preg                             |   16|   0|   16|          0|
    |ap_return_36_preg                             |   16|   0|   16|          0|
    |ap_return_37_preg                             |   16|   0|   16|          0|
    |ap_return_38_preg                             |   16|   0|   16|          0|
    |ap_return_39_preg                             |   16|   0|   16|          0|
    |ap_return_3_preg                              |   16|   0|   16|          0|
    |ap_return_40_preg                             |   16|   0|   16|          0|
    |ap_return_41_preg                             |   16|   0|   16|          0|
    |ap_return_42_preg                             |   16|   0|   16|          0|
    |ap_return_43_preg                             |   16|   0|   16|          0|
    |ap_return_44_preg                             |   16|   0|   16|          0|
    |ap_return_45_preg                             |   16|   0|   16|          0|
    |ap_return_46_preg                             |   16|   0|   16|          0|
    |ap_return_47_preg                             |   16|   0|   16|          0|
    |ap_return_48_preg                             |   16|   0|   16|          0|
    |ap_return_49_preg                             |   16|   0|   16|          0|
    |ap_return_4_preg                              |   16|   0|   16|          0|
    |ap_return_50_preg                             |   16|   0|   16|          0|
    |ap_return_51_preg                             |   16|   0|   16|          0|
    |ap_return_52_preg                             |   16|   0|   16|          0|
    |ap_return_53_preg                             |   16|   0|   16|          0|
    |ap_return_54_preg                             |   16|   0|   16|          0|
    |ap_return_55_preg                             |   16|   0|   16|          0|
    |ap_return_56_preg                             |   16|   0|   16|          0|
    |ap_return_57_preg                             |   16|   0|   16|          0|
    |ap_return_58_preg                             |   16|   0|   16|          0|
    |ap_return_59_preg                             |   16|   0|   16|          0|
    |ap_return_5_preg                              |   16|   0|   16|          0|
    |ap_return_60_preg                             |   16|   0|   16|          0|
    |ap_return_61_preg                             |   16|   0|   16|          0|
    |ap_return_62_preg                             |   16|   0|   16|          0|
    |ap_return_63_preg                             |   16|   0|   16|          0|
    |ap_return_6_preg                              |   16|   0|   16|          0|
    |ap_return_7_preg                              |   16|   0|   16|          0|
    |ap_return_8_preg                              |   16|   0|   16|          0|
    |ap_return_9_preg                              |   16|   0|   16|          0|
    |data_V_load_phi_reg_696                       |  256|   0|  256|          0|
    |data_V_load_rewind_reg_682                    |  256|   0|  256|          0|
    |do_init_reg_651                               |    1|   0|    1|          0|
    |icmp_ln64_reg_6592                            |    1|   0|    1|          0|
    |lshr_ln76_2_reg_6651                          |  256|   0|  256|          0|
    |lshr_ln76_reg_6641                            |  256|   0|  256|          0|
    |mul_ln1118_131_reg_8092                       |   21|   0|   21|          0|
    |mul_ln1118_132_reg_8097                       |   21|   0|   21|          0|
    |mul_ln1118_133_reg_8102                       |   21|   0|   21|          0|
    |mul_ln1118_134_reg_8107                       |   21|   0|   21|          0|
    |mul_ln1118_135_reg_8112                       |   21|   0|   21|          0|
    |mul_ln1118_136_reg_8117                       |   21|   0|   21|          0|
    |mul_ln1118_137_reg_8122                       |   21|   0|   21|          0|
    |mul_ln1118_138_reg_8127                       |   21|   0|   21|          0|
    |mul_ln1118_139_reg_8132                       |   21|   0|   21|          0|
    |mul_ln1118_140_reg_8137                       |   21|   0|   21|          0|
    |mul_ln1118_141_reg_8142                       |   21|   0|   21|          0|
    |mul_ln1118_142_reg_8147                       |   21|   0|   21|          0|
    |mul_ln1118_143_reg_8152                       |   21|   0|   21|          0|
    |mul_ln1118_144_reg_8157                       |   21|   0|   21|          0|
    |mul_ln1118_145_reg_8162                       |   21|   0|   21|          0|
    |mul_ln1118_146_reg_8167                       |   21|   0|   21|          0|
    |mul_ln1118_147_reg_8172                       |   21|   0|   21|          0|
    |mul_ln1118_148_reg_8177                       |   21|   0|   21|          0|
    |mul_ln1118_149_reg_8182                       |   21|   0|   21|          0|
    |mul_ln1118_150_reg_8187                       |   21|   0|   21|          0|
    |mul_ln1118_151_reg_8192                       |   21|   0|   21|          0|
    |mul_ln1118_152_reg_8197                       |   21|   0|   21|          0|
    |mul_ln1118_153_reg_8202                       |   21|   0|   21|          0|
    |mul_ln1118_154_reg_8207                       |   21|   0|   21|          0|
    |mul_ln1118_155_reg_8212                       |   21|   0|   21|          0|
    |mul_ln1118_156_reg_8217                       |   21|   0|   21|          0|
    |mul_ln1118_157_reg_8222                       |   21|   0|   21|          0|
    |mul_ln1118_158_reg_8227                       |   21|   0|   21|          0|
    |mul_ln1118_159_reg_8232                       |   21|   0|   21|          0|
    |mul_ln1118_160_reg_8237                       |   21|   0|   21|          0|
    |mul_ln1118_161_reg_8242                       |   21|   0|   21|          0|
    |mul_ln1118_162_reg_8247                       |   21|   0|   21|          0|
    |mul_ln1118_163_reg_8252                       |   21|   0|   21|          0|
    |mul_ln1118_164_reg_8257                       |   21|   0|   21|          0|
    |mul_ln1118_165_reg_8262                       |   21|   0|   21|          0|
    |mul_ln1118_166_reg_8267                       |   21|   0|   21|          0|
    |mul_ln1118_167_reg_8272                       |   21|   0|   21|          0|
    |mul_ln1118_168_reg_8277                       |   21|   0|   21|          0|
    |mul_ln1118_169_reg_8282                       |   21|   0|   21|          0|
    |mul_ln1118_170_reg_8287                       |   21|   0|   21|          0|
    |mul_ln1118_171_reg_8292                       |   21|   0|   21|          0|
    |mul_ln1118_172_reg_8297                       |   21|   0|   21|          0|
    |mul_ln1118_173_reg_8302                       |   21|   0|   21|          0|
    |mul_ln1118_174_reg_8307                       |   21|   0|   21|          0|
    |mul_ln1118_175_reg_8312                       |   21|   0|   21|          0|
    |mul_ln1118_176_reg_8317                       |   21|   0|   21|          0|
    |mul_ln1118_177_reg_8322                       |   21|   0|   21|          0|
    |mul_ln1118_178_reg_8327                       |   21|   0|   21|          0|
    |mul_ln1118_179_reg_8332                       |   21|   0|   21|          0|
    |mul_ln1118_180_reg_8337                       |   21|   0|   21|          0|
    |mul_ln1118_181_reg_8342                       |   21|   0|   21|          0|
    |mul_ln1118_182_reg_8347                       |   21|   0|   21|          0|
    |mul_ln1118_183_reg_8352                       |   21|   0|   21|          0|
    |mul_ln1118_184_reg_8357                       |   21|   0|   21|          0|
    |mul_ln1118_185_reg_8362                       |   21|   0|   21|          0|
    |mul_ln1118_186_reg_8367                       |   21|   0|   21|          0|
    |mul_ln1118_187_reg_8372                       |   21|   0|   21|          0|
    |mul_ln1118_188_reg_8377                       |   21|   0|   21|          0|
    |mul_ln1118_189_reg_8382                       |   21|   0|   21|          0|
    |mul_ln1118_190_reg_8387                       |   21|   0|   21|          0|
    |mul_ln1118_191_reg_8392                       |   21|   0|   21|          0|
    |mul_ln1118_192_reg_8397                       |   21|   0|   21|          0|
    |mul_ln1118_193_reg_8402                       |   21|   0|   21|          0|
    |mul_ln1118_194_reg_8407                       |   21|   0|   21|          0|
    |mul_ln1118_195_reg_8412                       |   21|   0|   21|          0|
    |mul_ln1118_196_reg_8417                       |   21|   0|   21|          0|
    |mul_ln1118_197_reg_8422                       |   21|   0|   21|          0|
    |mul_ln1118_198_reg_8427                       |   21|   0|   21|          0|
    |mul_ln1118_199_reg_8432                       |   21|   0|   21|          0|
    |mul_ln1118_200_reg_8437                       |   21|   0|   21|          0|
    |mul_ln1118_201_reg_8442                       |   21|   0|   21|          0|
    |mul_ln1118_202_reg_8447                       |   21|   0|   21|          0|
    |mul_ln1118_203_reg_8452                       |   21|   0|   21|          0|
    |mul_ln1118_204_reg_8457                       |   21|   0|   21|          0|
    |mul_ln1118_205_reg_8462                       |   21|   0|   21|          0|
    |mul_ln1118_206_reg_8467                       |   21|   0|   21|          0|
    |mul_ln1118_207_reg_8472                       |   21|   0|   21|          0|
    |mul_ln1118_208_reg_8477                       |   21|   0|   21|          0|
    |mul_ln1118_209_reg_8482                       |   21|   0|   21|          0|
    |mul_ln1118_210_reg_8487                       |   21|   0|   21|          0|
    |mul_ln1118_211_reg_8492                       |   21|   0|   21|          0|
    |mul_ln1118_212_reg_8497                       |   21|   0|   21|          0|
    |mul_ln1118_213_reg_8502                       |   21|   0|   21|          0|
    |mul_ln1118_214_reg_8507                       |   21|   0|   21|          0|
    |mul_ln1118_215_reg_8512                       |   21|   0|   21|          0|
    |mul_ln1118_216_reg_8517                       |   21|   0|   21|          0|
    |mul_ln1118_217_reg_8522                       |   21|   0|   21|          0|
    |mul_ln1118_218_reg_8527                       |   21|   0|   21|          0|
    |mul_ln1118_219_reg_8532                       |   21|   0|   21|          0|
    |mul_ln1118_220_reg_8537                       |   21|   0|   21|          0|
    |mul_ln1118_221_reg_8542                       |   21|   0|   21|          0|
    |mul_ln1118_222_reg_8547                       |   21|   0|   21|          0|
    |mul_ln1118_223_reg_8552                       |   21|   0|   21|          0|
    |mul_ln1118_224_reg_8557                       |   21|   0|   21|          0|
    |mul_ln1118_225_reg_8562                       |   21|   0|   21|          0|
    |mul_ln1118_226_reg_8567                       |   21|   0|   21|          0|
    |mul_ln1118_227_reg_8572                       |   21|   0|   21|          0|
    |mul_ln1118_228_reg_8577                       |   21|   0|   21|          0|
    |mul_ln1118_229_reg_8582                       |   21|   0|   21|          0|
    |mul_ln1118_230_reg_8587                       |   21|   0|   21|          0|
    |mul_ln1118_231_reg_8592                       |   21|   0|   21|          0|
    |mul_ln1118_232_reg_8597                       |   21|   0|   21|          0|
    |mul_ln1118_233_reg_8602                       |   21|   0|   21|          0|
    |mul_ln1118_234_reg_8607                       |   21|   0|   21|          0|
    |mul_ln1118_235_reg_8612                       |   21|   0|   21|          0|
    |mul_ln1118_236_reg_8617                       |   21|   0|   21|          0|
    |mul_ln1118_237_reg_8622                       |   21|   0|   21|          0|
    |mul_ln1118_238_reg_8627                       |   21|   0|   21|          0|
    |mul_ln1118_239_reg_8632                       |   21|   0|   21|          0|
    |mul_ln1118_240_reg_8637                       |   21|   0|   21|          0|
    |mul_ln1118_241_reg_8642                       |   21|   0|   21|          0|
    |mul_ln1118_242_reg_8647                       |   21|   0|   21|          0|
    |mul_ln1118_243_reg_8652                       |   21|   0|   21|          0|
    |mul_ln1118_244_reg_8657                       |   21|   0|   21|          0|
    |mul_ln1118_245_reg_8662                       |   21|   0|   21|          0|
    |mul_ln1118_246_reg_8667                       |   21|   0|   21|          0|
    |mul_ln1118_247_reg_8672                       |   21|   0|   21|          0|
    |mul_ln1118_248_reg_8677                       |   21|   0|   21|          0|
    |mul_ln1118_249_reg_8682                       |   21|   0|   21|          0|
    |mul_ln1118_250_reg_8687                       |   21|   0|   21|          0|
    |mul_ln1118_251_reg_8692                       |   21|   0|   21|          0|
    |mul_ln1118_252_reg_8697                       |   21|   0|   21|          0|
    |mul_ln1118_253_reg_8702                       |   21|   0|   21|          0|
    |mul_ln1118_254_reg_8707                       |   21|   0|   21|          0|
    |mul_ln1118_255_reg_8712                       |   21|   0|   21|          0|
    |mul_ln1118_256_reg_8717                       |   21|   0|   21|          0|
    |mul_ln1118_reg_8087                           |   21|   0|   21|          0|
    |res_0_V_write_assign129_reg_708               |   16|   0|   16|          0|
    |res_10_V_write_assign109_reg_848              |   16|   0|   16|          0|
    |res_11_V_write_assign107_reg_862              |   16|   0|   16|          0|
    |res_12_V_write_assign105_reg_876              |   16|   0|   16|          0|
    |res_13_V_write_assign103_reg_890              |   16|   0|   16|          0|
    |res_14_V_write_assign101_reg_904              |   16|   0|   16|          0|
    |res_15_V_write_assign99_reg_918               |   16|   0|   16|          0|
    |res_16_V_write_assign97_reg_932               |   16|   0|   16|          0|
    |res_17_V_write_assign95_reg_946               |   16|   0|   16|          0|
    |res_18_V_write_assign93_reg_960               |   16|   0|   16|          0|
    |res_19_V_write_assign91_reg_974               |   16|   0|   16|          0|
    |res_1_V_write_assign127_reg_722               |   16|   0|   16|          0|
    |res_20_V_write_assign89_reg_988               |   16|   0|   16|          0|
    |res_21_V_write_assign87_reg_1002              |   16|   0|   16|          0|
    |res_22_V_write_assign85_reg_1016              |   16|   0|   16|          0|
    |res_23_V_write_assign83_reg_1030              |   16|   0|   16|          0|
    |res_24_V_write_assign81_reg_1044              |   16|   0|   16|          0|
    |res_25_V_write_assign79_reg_1058              |   16|   0|   16|          0|
    |res_26_V_write_assign77_reg_1072              |   16|   0|   16|          0|
    |res_27_V_write_assign75_reg_1086              |   16|   0|   16|          0|
    |res_28_V_write_assign73_reg_1100              |   16|   0|   16|          0|
    |res_29_V_write_assign71_reg_1114              |   16|   0|   16|          0|
    |res_2_V_write_assign125_reg_736               |   16|   0|   16|          0|
    |res_30_V_write_assign69_reg_1128              |   16|   0|   16|          0|
    |res_31_V_write_assign67_reg_1142              |   16|   0|   16|          0|
    |res_32_V_write_assign65_reg_1156              |   16|   0|   16|          0|
    |res_33_V_write_assign63_reg_1170              |   16|   0|   16|          0|
    |res_34_V_write_assign61_reg_1184              |   16|   0|   16|          0|
    |res_35_V_write_assign59_reg_1198              |   16|   0|   16|          0|
    |res_36_V_write_assign57_reg_1212              |   16|   0|   16|          0|
    |res_37_V_write_assign55_reg_1226              |   16|   0|   16|          0|
    |res_38_V_write_assign53_reg_1240              |   16|   0|   16|          0|
    |res_39_V_write_assign51_reg_1254              |   16|   0|   16|          0|
    |res_3_V_write_assign123_reg_750               |   16|   0|   16|          0|
    |res_40_V_write_assign49_reg_1268              |   16|   0|   16|          0|
    |res_41_V_write_assign47_reg_1282              |   16|   0|   16|          0|
    |res_42_V_write_assign45_reg_1296              |   16|   0|   16|          0|
    |res_43_V_write_assign43_reg_1310              |   16|   0|   16|          0|
    |res_44_V_write_assign41_reg_1324              |   16|   0|   16|          0|
    |res_45_V_write_assign39_reg_1338              |   16|   0|   16|          0|
    |res_46_V_write_assign37_reg_1352              |   16|   0|   16|          0|
    |res_47_V_write_assign35_reg_1366              |   16|   0|   16|          0|
    |res_48_V_write_assign33_reg_1380              |   16|   0|   16|          0|
    |res_49_V_write_assign31_reg_1394              |   16|   0|   16|          0|
    |res_4_V_write_assign121_reg_764               |   16|   0|   16|          0|
    |res_50_V_write_assign29_reg_1408              |   16|   0|   16|          0|
    |res_51_V_write_assign27_reg_1422              |   16|   0|   16|          0|
    |res_52_V_write_assign25_reg_1436              |   16|   0|   16|          0|
    |res_53_V_write_assign23_reg_1450              |   16|   0|   16|          0|
    |res_54_V_write_assign21_reg_1464              |   16|   0|   16|          0|
    |res_55_V_write_assign19_reg_1478              |   16|   0|   16|          0|
    |res_56_V_write_assign17_reg_1492              |   16|   0|   16|          0|
    |res_57_V_write_assign15_reg_1506              |   16|   0|   16|          0|
    |res_58_V_write_assign13_reg_1520              |   16|   0|   16|          0|
    |res_59_V_write_assign11_reg_1534              |   16|   0|   16|          0|
    |res_5_V_write_assign119_reg_778               |   16|   0|   16|          0|
    |res_60_V_write_assign9_reg_1548               |   16|   0|   16|          0|
    |res_61_V_write_assign7_reg_1562               |   16|   0|   16|          0|
    |res_62_V_write_assign5_reg_1576               |   16|   0|   16|          0|
    |res_63_V_write_assign3_reg_1590               |   16|   0|   16|          0|
    |res_6_V_write_assign117_reg_792               |   16|   0|   16|          0|
    |res_7_V_write_assign115_reg_806               |   16|   0|   16|          0|
    |res_8_V_write_assign113_reg_820               |   16|   0|   16|          0|
    |res_9_V_write_assign111_reg_834               |   16|   0|   16|          0|
    |select_ln76_1_reg_6601                        |  256|   0|  256|          0|
    |select_ln76_2_reg_6606                        |    9|   0|    9|          0|
    |select_ln76_4_reg_6616                        |  256|   0|  256|          0|
    |select_ln76_5_reg_6621                        |    9|   0|    9|          0|
    |sub_ln76_2_reg_6611                           |    8|   0|    9|          1|
    |sub_ln76_5_reg_6626                           |    8|   0|    9|          1|
    |tmp_146_i_reg_6671                            |    6|   0|    6|          0|
    |tmp_147_i_reg_6676                            |    6|   0|    6|          0|
    |tmp_148_i_reg_6681                            |    6|   0|    6|          0|
    |tmp_149_i_reg_6686                            |    6|   0|    6|          0|
    |tmp_150_i_reg_6691                            |    6|   0|    6|          0|
    |tmp_151_i_reg_6696                            |    6|   0|    6|          0|
    |tmp_152_i_reg_6701                            |    6|   0|    6|          0|
    |tmp_153_i_reg_6706                            |    6|   0|    6|          0|
    |tmp_154_i_reg_6711                            |    6|   0|    6|          0|
    |tmp_155_i_reg_6716                            |    6|   0|    6|          0|
    |tmp_156_i_reg_6721                            |    6|   0|    6|          0|
    |tmp_157_i_reg_6726                            |    6|   0|    6|          0|
    |tmp_158_i_reg_6731                            |    6|   0|    6|          0|
    |tmp_159_i_reg_6736                            |    6|   0|    6|          0|
    |tmp_160_i_reg_6741                            |    6|   0|    6|          0|
    |tmp_161_i_reg_6746                            |    6|   0|    6|          0|
    |tmp_162_i_reg_6751                            |    6|   0|    6|          0|
    |tmp_163_i_reg_6756                            |    6|   0|    6|          0|
    |tmp_164_i_reg_6761                            |    6|   0|    6|          0|
    |tmp_165_i_reg_6766                            |    6|   0|    6|          0|
    |tmp_166_i_reg_6771                            |    6|   0|    6|          0|
    |tmp_167_i_reg_6776                            |    6|   0|    6|          0|
    |tmp_168_i_reg_6781                            |    6|   0|    6|          0|
    |tmp_169_i_reg_6786                            |    6|   0|    6|          0|
    |tmp_170_i_reg_6791                            |    6|   0|    6|          0|
    |tmp_171_i_reg_6796                            |    6|   0|    6|          0|
    |tmp_172_i_reg_6801                            |    6|   0|    6|          0|
    |tmp_173_i_reg_6806                            |    6|   0|    6|          0|
    |tmp_174_i_reg_6811                            |    6|   0|    6|          0|
    |tmp_175_i_reg_6816                            |    6|   0|    6|          0|
    |tmp_176_i_reg_6821                            |    6|   0|    6|          0|
    |tmp_177_i_reg_6826                            |    6|   0|    6|          0|
    |tmp_178_i_reg_6831                            |    6|   0|    6|          0|
    |tmp_179_i_reg_6836                            |    6|   0|    6|          0|
    |tmp_180_i_reg_6841                            |    6|   0|    6|          0|
    |tmp_181_i_reg_6846                            |    6|   0|    6|          0|
    |tmp_182_i_reg_6851                            |    6|   0|    6|          0|
    |tmp_183_i_reg_6856                            |    6|   0|    6|          0|
    |tmp_184_i_reg_6861                            |    6|   0|    6|          0|
    |tmp_185_i_reg_6866                            |    6|   0|    6|          0|
    |tmp_186_i_reg_6871                            |    6|   0|    6|          0|
    |tmp_187_i_reg_6876                            |    6|   0|    6|          0|
    |tmp_188_i_reg_6881                            |    6|   0|    6|          0|
    |tmp_189_i_reg_6886                            |    6|   0|    6|          0|
    |tmp_190_i_reg_6891                            |    6|   0|    6|          0|
    |tmp_191_i_reg_6896                            |    6|   0|    6|          0|
    |tmp_192_i_reg_6901                            |    6|   0|    6|          0|
    |tmp_193_i_reg_6906                            |    6|   0|    6|          0|
    |tmp_194_i_reg_6911                            |    6|   0|    6|          0|
    |tmp_195_i_reg_6916                            |    6|   0|    6|          0|
    |tmp_196_i_reg_6921                            |    6|   0|    6|          0|
    |tmp_197_i_reg_6926                            |    6|   0|    6|          0|
    |tmp_198_i_reg_6931                            |    6|   0|    6|          0|
    |tmp_199_i_reg_6936                            |    6|   0|    6|          0|
    |tmp_200_i_reg_6941                            |    6|   0|    6|          0|
    |tmp_201_i_reg_6946                            |    6|   0|    6|          0|
    |tmp_202_i_reg_6951                            |    6|   0|    6|          0|
    |tmp_203_i_reg_6956                            |    6|   0|    6|          0|
    |tmp_204_i_reg_6961                            |    6|   0|    6|          0|
    |tmp_205_i_reg_6966                            |    6|   0|    6|          0|
    |tmp_206_i_reg_6971                            |    6|   0|    6|          0|
    |tmp_207_i_reg_6976                            |    6|   0|    6|          0|
    |tmp_208_i_reg_6981                            |    6|   0|    6|          0|
    |tmp_209_i_reg_6986                            |    6|   0|    6|          0|
    |tmp_210_i_reg_6991                            |    6|   0|    6|          0|
    |tmp_211_i_reg_6996                            |    6|   0|    6|          0|
    |tmp_212_i_reg_7001                            |    6|   0|    6|          0|
    |tmp_213_i_reg_7006                            |    6|   0|    6|          0|
    |tmp_214_i_reg_7011                            |    6|   0|    6|          0|
    |tmp_215_i_reg_7016                            |    6|   0|    6|          0|
    |tmp_216_i_reg_7021                            |    6|   0|    6|          0|
    |tmp_217_i_reg_7026                            |    6|   0|    6|          0|
    |tmp_218_i_reg_7031                            |    6|   0|    6|          0|
    |tmp_219_i_reg_7036                            |    6|   0|    6|          0|
    |tmp_220_i_reg_7041                            |    6|   0|    6|          0|
    |tmp_221_i_reg_7046                            |    6|   0|    6|          0|
    |tmp_222_i_reg_7051                            |    6|   0|    6|          0|
    |tmp_223_i_reg_7056                            |    6|   0|    6|          0|
    |tmp_224_i_reg_7061                            |    6|   0|    6|          0|
    |tmp_225_i_reg_7066                            |    6|   0|    6|          0|
    |tmp_226_i_reg_7071                            |    6|   0|    6|          0|
    |tmp_227_i_reg_7076                            |    6|   0|    6|          0|
    |tmp_228_i_reg_7081                            |    6|   0|    6|          0|
    |tmp_229_i_reg_7086                            |    6|   0|    6|          0|
    |tmp_230_i_reg_7091                            |    6|   0|    6|          0|
    |tmp_231_i_reg_7096                            |    6|   0|    6|          0|
    |tmp_232_i_reg_7101                            |    6|   0|    6|          0|
    |tmp_233_i_reg_7106                            |    6|   0|    6|          0|
    |tmp_234_i_reg_7111                            |    6|   0|    6|          0|
    |tmp_235_i_reg_7116                            |    6|   0|    6|          0|
    |tmp_236_i_reg_7121                            |    6|   0|    6|          0|
    |tmp_237_i_reg_7126                            |    6|   0|    6|          0|
    |tmp_238_i_reg_7131                            |    6|   0|    6|          0|
    |tmp_239_i_reg_7136                            |    6|   0|    6|          0|
    |tmp_240_i_reg_7141                            |    6|   0|    6|          0|
    |tmp_241_i_reg_7146                            |    6|   0|    6|          0|
    |tmp_242_i_reg_7151                            |    6|   0|    6|          0|
    |tmp_243_i_reg_7156                            |    6|   0|    6|          0|
    |tmp_244_i_reg_7161                            |    6|   0|    6|          0|
    |tmp_245_i_reg_7166                            |    6|   0|    6|          0|
    |tmp_246_i_reg_7171                            |    6|   0|    6|          0|
    |tmp_247_i_reg_7176                            |    6|   0|    6|          0|
    |tmp_248_i_reg_7181                            |    6|   0|    6|          0|
    |tmp_249_i_reg_7186                            |    6|   0|    6|          0|
    |tmp_250_i_reg_7191                            |    6|   0|    6|          0|
    |tmp_251_i_reg_7196                            |    6|   0|    6|          0|
    |tmp_252_i_reg_7201                            |    6|   0|    6|          0|
    |tmp_253_i_reg_7206                            |    6|   0|    6|          0|
    |tmp_254_i_reg_7211                            |    6|   0|    6|          0|
    |tmp_255_i_reg_7216                            |    6|   0|    6|          0|
    |tmp_256_i_reg_7221                            |    6|   0|    6|          0|
    |tmp_257_i_reg_7226                            |    6|   0|    6|          0|
    |tmp_258_i_reg_7231                            |    6|   0|    6|          0|
    |tmp_259_i_reg_7236                            |    6|   0|    6|          0|
    |tmp_260_i_reg_7241                            |    6|   0|    6|          0|
    |tmp_261_i_reg_7246                            |    6|   0|    6|          0|
    |tmp_262_i_reg_7251                            |    6|   0|    6|          0|
    |tmp_263_i_reg_7256                            |    6|   0|    6|          0|
    |tmp_264_i_reg_7261                            |    6|   0|    6|          0|
    |tmp_265_i_reg_7266                            |    6|   0|    6|          0|
    |tmp_266_i_reg_7271                            |    6|   0|    6|          0|
    |tmp_267_i_reg_7276                            |    6|   0|    6|          0|
    |tmp_268_i_reg_7281                            |    6|   0|    6|          0|
    |tmp_269_i_reg_7286                            |    6|   0|    6|          0|
    |tmp_270_i_reg_7291                            |    6|   0|    6|          0|
    |tmp_271_i_reg_7296                            |    6|   0|    6|          0|
    |tmp_reg_7301                                  |    5|   0|    5|          0|
    |trunc_ln708_248_reg_8082                      |   16|   0|   16|          0|
    |trunc_ln708_248_reg_8082_pp0_iter12_reg       |   16|   0|   16|          0|
    |trunc_ln76_1_reg_6661                         |    6|   0|    6|          0|
    |trunc_ln76_2_reg_6666                         |   16|   0|   16|          0|
    |trunc_ln76_reg_6656                           |   16|   0|   16|          0|
    |w_index131_reg_667                            |    3|   0|    3|          0|
    |w_index_reg_6587                              |    3|   0|    3|          0|
    |icmp_ln64_reg_6592                            |   64|  32|    1|          0|
    |sub_ln76_2_reg_6611                           |   64|  32|    9|          1|
    |sub_ln76_5_reg_6626                           |   64|  32|    9|          1|
    |w_index131_reg_667                            |   64|  32|    3|          0|
    +----------------------------------------------+-----+----+-----+-----------+
    |Total                                         | 7908| 128| 7676|          4|
    +----------------------------------------------+-----+----+-----+-----------+



================================================================
== Interface
================================================================
* Summary: 
+----------------+-----+-----+------------+-------------------------------------------------------+--------------+
|    RTL Ports   | Dir | Bits|  Protocol  |                     Source Object                     |    C Type    |
+----------------+-----+-----+------------+-------------------------------------------------------+--------------+
|ap_clk          |  in |    1| ap_ctrl_hs | dense_resource<ap_fixed,ap_fixed<16,6,5,3,0>,config2> | return value |
|ap_rst          |  in |    1| ap_ctrl_hs | dense_resource<ap_fixed,ap_fixed<16,6,5,3,0>,config2> | return value |
|ap_start        |  in |    1| ap_ctrl_hs | dense_resource<ap_fixed,ap_fixed<16,6,5,3,0>,config2> | return value |
|ap_done         | out |    1| ap_ctrl_hs | dense_resource<ap_fixed,ap_fixed<16,6,5,3,0>,config2> | return value |
|ap_continue     |  in |    1| ap_ctrl_hs | dense_resource<ap_fixed,ap_fixed<16,6,5,3,0>,config2> | return value |
|ap_idle         | out |    1| ap_ctrl_hs | dense_resource<ap_fixed,ap_fixed<16,6,5,3,0>,config2> | return value |
|ap_ready        | out |    1| ap_ctrl_hs | dense_resource<ap_fixed,ap_fixed<16,6,5,3,0>,config2> | return value |
|ap_return_0     | out |   16| ap_ctrl_hs | dense_resource<ap_fixed,ap_fixed<16,6,5,3,0>,config2> | return value |
|ap_return_1     | out |   16| ap_ctrl_hs | dense_resource<ap_fixed,ap_fixed<16,6,5,3,0>,config2> | return value |
|ap_return_2     | out |   16| ap_ctrl_hs | dense_resource<ap_fixed,ap_fixed<16,6,5,3,0>,config2> | return value |
|ap_return_3     | out |   16| ap_ctrl_hs | dense_resource<ap_fixed,ap_fixed<16,6,5,3,0>,config2> | return value |
|ap_return_4     | out |   16| ap_ctrl_hs | dense_resource<ap_fixed,ap_fixed<16,6,5,3,0>,config2> | return value |
|ap_return_5     | out |   16| ap_ctrl_hs | dense_resource<ap_fixed,ap_fixed<16,6,5,3,0>,config2> | return value |
|ap_return_6     | out |   16| ap_ctrl_hs | dense_resource<ap_fixed,ap_fixed<16,6,5,3,0>,config2> | return value |
|ap_return_7     | out |   16| ap_ctrl_hs | dense_resource<ap_fixed,ap_fixed<16,6,5,3,0>,config2> | return value |
|ap_return_8     | out |   16| ap_ctrl_hs | dense_resource<ap_fixed,ap_fixed<16,6,5,3,0>,config2> | return value |
|ap_return_9     | out |   16| ap_ctrl_hs | dense_resource<ap_fixed,ap_fixed<16,6,5,3,0>,config2> | return value |
|ap_return_10    | out |   16| ap_ctrl_hs | dense_resource<ap_fixed,ap_fixed<16,6,5,3,0>,config2> | return value |
|ap_return_11    | out |   16| ap_ctrl_hs | dense_resource<ap_fixed,ap_fixed<16,6,5,3,0>,config2> | return value |
|ap_return_12    | out |   16| ap_ctrl_hs | dense_resource<ap_fixed,ap_fixed<16,6,5,3,0>,config2> | return value |
|ap_return_13    | out |   16| ap_ctrl_hs | dense_resource<ap_fixed,ap_fixed<16,6,5,3,0>,config2> | return value |
|ap_return_14    | out |   16| ap_ctrl_hs | dense_resource<ap_fixed,ap_fixed<16,6,5,3,0>,config2> | return value |
|ap_return_15    | out |   16| ap_ctrl_hs | dense_resource<ap_fixed,ap_fixed<16,6,5,3,0>,config2> | return value |
|ap_return_16    | out |   16| ap_ctrl_hs | dense_resource<ap_fixed,ap_fixed<16,6,5,3,0>,config2> | return value |
|ap_return_17    | out |   16| ap_ctrl_hs | dense_resource<ap_fixed,ap_fixed<16,6,5,3,0>,config2> | return value |
|ap_return_18    | out |   16| ap_ctrl_hs | dense_resource<ap_fixed,ap_fixed<16,6,5,3,0>,config2> | return value |
|ap_return_19    | out |   16| ap_ctrl_hs | dense_resource<ap_fixed,ap_fixed<16,6,5,3,0>,config2> | return value |
|ap_return_20    | out |   16| ap_ctrl_hs | dense_resource<ap_fixed,ap_fixed<16,6,5,3,0>,config2> | return value |
|ap_return_21    | out |   16| ap_ctrl_hs | dense_resource<ap_fixed,ap_fixed<16,6,5,3,0>,config2> | return value |
|ap_return_22    | out |   16| ap_ctrl_hs | dense_resource<ap_fixed,ap_fixed<16,6,5,3,0>,config2> | return value |
|ap_return_23    | out |   16| ap_ctrl_hs | dense_resource<ap_fixed,ap_fixed<16,6,5,3,0>,config2> | return value |
|ap_return_24    | out |   16| ap_ctrl_hs | dense_resource<ap_fixed,ap_fixed<16,6,5,3,0>,config2> | return value |
|ap_return_25    | out |   16| ap_ctrl_hs | dense_resource<ap_fixed,ap_fixed<16,6,5,3,0>,config2> | return value |
|ap_return_26    | out |   16| ap_ctrl_hs | dense_resource<ap_fixed,ap_fixed<16,6,5,3,0>,config2> | return value |
|ap_return_27    | out |   16| ap_ctrl_hs | dense_resource<ap_fixed,ap_fixed<16,6,5,3,0>,config2> | return value |
|ap_return_28    | out |   16| ap_ctrl_hs | dense_resource<ap_fixed,ap_fixed<16,6,5,3,0>,config2> | return value |
|ap_return_29    | out |   16| ap_ctrl_hs | dense_resource<ap_fixed,ap_fixed<16,6,5,3,0>,config2> | return value |
|ap_return_30    | out |   16| ap_ctrl_hs | dense_resource<ap_fixed,ap_fixed<16,6,5,3,0>,config2> | return value |
|ap_return_31    | out |   16| ap_ctrl_hs | dense_resource<ap_fixed,ap_fixed<16,6,5,3,0>,config2> | return value |
|ap_return_32    | out |   16| ap_ctrl_hs | dense_resource<ap_fixed,ap_fixed<16,6,5,3,0>,config2> | return value |
|ap_return_33    | out |   16| ap_ctrl_hs | dense_resource<ap_fixed,ap_fixed<16,6,5,3,0>,config2> | return value |
|ap_return_34    | out |   16| ap_ctrl_hs | dense_resource<ap_fixed,ap_fixed<16,6,5,3,0>,config2> | return value |
|ap_return_35    | out |   16| ap_ctrl_hs | dense_resource<ap_fixed,ap_fixed<16,6,5,3,0>,config2> | return value |
|ap_return_36    | out |   16| ap_ctrl_hs | dense_resource<ap_fixed,ap_fixed<16,6,5,3,0>,config2> | return value |
|ap_return_37    | out |   16| ap_ctrl_hs | dense_resource<ap_fixed,ap_fixed<16,6,5,3,0>,config2> | return value |
|ap_return_38    | out |   16| ap_ctrl_hs | dense_resource<ap_fixed,ap_fixed<16,6,5,3,0>,config2> | return value |
|ap_return_39    | out |   16| ap_ctrl_hs | dense_resource<ap_fixed,ap_fixed<16,6,5,3,0>,config2> | return value |
|ap_return_40    | out |   16| ap_ctrl_hs | dense_resource<ap_fixed,ap_fixed<16,6,5,3,0>,config2> | return value |
|ap_return_41    | out |   16| ap_ctrl_hs | dense_resource<ap_fixed,ap_fixed<16,6,5,3,0>,config2> | return value |
|ap_return_42    | out |   16| ap_ctrl_hs | dense_resource<ap_fixed,ap_fixed<16,6,5,3,0>,config2> | return value |
|ap_return_43    | out |   16| ap_ctrl_hs | dense_resource<ap_fixed,ap_fixed<16,6,5,3,0>,config2> | return value |
|ap_return_44    | out |   16| ap_ctrl_hs | dense_resource<ap_fixed,ap_fixed<16,6,5,3,0>,config2> | return value |
|ap_return_45    | out |   16| ap_ctrl_hs | dense_resource<ap_fixed,ap_fixed<16,6,5,3,0>,config2> | return value |
|ap_return_46    | out |   16| ap_ctrl_hs | dense_resource<ap_fixed,ap_fixed<16,6,5,3,0>,config2> | return value |
|ap_return_47    | out |   16| ap_ctrl_hs | dense_resource<ap_fixed,ap_fixed<16,6,5,3,0>,config2> | return value |
|ap_return_48    | out |   16| ap_ctrl_hs | dense_resource<ap_fixed,ap_fixed<16,6,5,3,0>,config2> | return value |
|ap_return_49    | out |   16| ap_ctrl_hs | dense_resource<ap_fixed,ap_fixed<16,6,5,3,0>,config2> | return value |
|ap_return_50    | out |   16| ap_ctrl_hs | dense_resource<ap_fixed,ap_fixed<16,6,5,3,0>,config2> | return value |
|ap_return_51    | out |   16| ap_ctrl_hs | dense_resource<ap_fixed,ap_fixed<16,6,5,3,0>,config2> | return value |
|ap_return_52    | out |   16| ap_ctrl_hs | dense_resource<ap_fixed,ap_fixed<16,6,5,3,0>,config2> | return value |
|ap_return_53    | out |   16| ap_ctrl_hs | dense_resource<ap_fixed,ap_fixed<16,6,5,3,0>,config2> | return value |
|ap_return_54    | out |   16| ap_ctrl_hs | dense_resource<ap_fixed,ap_fixed<16,6,5,3,0>,config2> | return value |
|ap_return_55    | out |   16| ap_ctrl_hs | dense_resource<ap_fixed,ap_fixed<16,6,5,3,0>,config2> | return value |
|ap_return_56    | out |   16| ap_ctrl_hs | dense_resource<ap_fixed,ap_fixed<16,6,5,3,0>,config2> | return value |
|ap_return_57    | out |   16| ap_ctrl_hs | dense_resource<ap_fixed,ap_fixed<16,6,5,3,0>,config2> | return value |
|ap_return_58    | out |   16| ap_ctrl_hs | dense_resource<ap_fixed,ap_fixed<16,6,5,3,0>,config2> | return value |
|ap_return_59    | out |   16| ap_ctrl_hs | dense_resource<ap_fixed,ap_fixed<16,6,5,3,0>,config2> | return value |
|ap_return_60    | out |   16| ap_ctrl_hs | dense_resource<ap_fixed,ap_fixed<16,6,5,3,0>,config2> | return value |
|ap_return_61    | out |   16| ap_ctrl_hs | dense_resource<ap_fixed,ap_fixed<16,6,5,3,0>,config2> | return value |
|ap_return_62    | out |   16| ap_ctrl_hs | dense_resource<ap_fixed,ap_fixed<16,6,5,3,0>,config2> | return value |
|ap_return_63    | out |   16| ap_ctrl_hs | dense_resource<ap_fixed,ap_fixed<16,6,5,3,0>,config2> | return value |
|data_V_dout     |  in |  256|   ap_fifo  |                         data_V                        |    pointer   |
|data_V_empty_n  |  in |    1|   ap_fifo  |                         data_V                        |    pointer   |
|data_V_read     | out |    1|   ap_fifo  |                         data_V                        |    pointer   |
+----------------+-----+-----+------------+-------------------------------------------------------+--------------+

